[    2051ms] [LOG] Running frontend commit 5c8c1b686f2a15f0f511ce3a2eeced30bd0495b9 @ https://www.figma.com/proto/E0QcmmjPQsDcny0qlASbMs/875542?page-id=1701%3A2397&node-id=1701-3361&viewport=848%2C-764%2C0.12&scaling=scale-down:553
[   10414ms] [WARNING] Statsig is not ready to log exposures, will retry in 1 seconds @ https://www.figma.com/webpack-artifacts/assets/vendor-core-06f91ddf4d5160d5.min.js.br:53
[   11594ms] [WARNING] Statsig is not ready to log exposures, will retry in 1 seconds @ https://www.figma.com/webpack-artifacts/assets/vendor-core-06f91ddf4d5160d5.min.js.br:53
[   13179ms] [INFO] [PrototypeLib] Booting... (emscripten version 4.0.21) @ https://www.figma.com/webpack-artifacts/assets/vendor-core-06f91ddf4d5160d5.min.js.br:53
[   13693ms] [INFO] [GPU] graphicsAPI:"WebGL 2", vendor:"Google Inc. (Intel)", renderer:"ANGLE (Intel, Intel(R) UHD Graphics (0x00004E61) Direct3D11 vs_5_0 ps_5_0, D3D11)" version:"OpenGL ES 2.0 (WebGL 2.0 (OpenGL ES 3.0 Chromium))" @ https://www.figma.com/webpack-artifacts/assets/vendor-core-06f91ddf4d5160d5.min.js.br:53
[   21939ms] [LOG] [import] git: c881cfba8f094270f5749b99a324431caac92331, stamp: EDF456534212FB45 @ https://www.figma.com/webpack-artifacts/assets/vendor-core-06f91ddf4d5160d5.min.js.br:53
[   26262ms] [VERBOSE] Rendering was performed in a subtree hidden by content-visibility. @ :3538
[   26286ms] [VERBOSE] Rendering was performed in a subtree hidden by content-visibility. @ :3177
[   26293ms] [VERBOSE] Rendering was performed in a subtree hidden by content-visibility. @ :3177
[   26294ms] [VERBOSE] Rendering was performed in a subtree hidden by content-visibility. @ :3177
[   26302ms] [VERBOSE] Rendering was performed in a subtree hidden by content-visibility. @ :3177
[   26303ms] [VERBOSE] Rendering was performed in a subtree hidden by content-visibility. @ :3177
[   26303ms] [VERBOSE] Rendering was performed in a subtree hidden by content-visibility. @ :3177
[   29138ms] [ERROR] Failed to load resource: the server responded with a status of 401 () @ https://www.figma.com/api/files/E0QcmmjPQsDcny0qlASbMs/prototype/view:0
[   30831ms] [ERROR] Failed to load resource: net::ERR_NAME_NOT_RESOLVED @ https://browser-intake-datadoghq.com/api/v2/rum:0
[  261871ms] [LOG] Running frontend commit 5c8c1b686f2a15f0f511ce3a2eeced30bd0495b9 @ https://www.figma.com/proto/E0QcmmjPQsDcny0qlASbMs/875542?page-id=1701%3A2397&node-id=1701-3361&viewport=848%2C-764%2C0.12&scaling=scale-down:553
[  273574ms] [WARNING] Statsig is not ready to log exposures, will retry in 1 seconds @ https://www.figma.com/webpack-artifacts/assets/vendor-core-06f91ddf4d5160d5.min.js.br:53
[  274761ms] [LOG] [import] git: c881cfba8f094270f5749b99a324431caac92331, stamp: EDF456534212FB45 @ https://www.figma.com/webpack-artifacts/assets/vendor-core-06f91ddf4d5160d5.min.js.br:53
[  274795ms] [WARNING] Statsig is not ready to log exposures, will retry in 1 seconds @ https://www.figma.com/webpack-artifacts/assets/vendor-core-06f91ddf4d5160d5.min.js.br:53
[  277668ms] [INFO] [PrototypeLib] Booting... (emscripten version 4.0.21) @ https://www.figma.com/webpack-artifacts/assets/vendor-core-06f91ddf4d5160d5.min.js.br:53
[  277816ms] [INFO] [GPU] graphicsAPI:"WebGL 2", vendor:"Google Inc. (Intel)", renderer:"ANGLE (Intel, Intel(R) UHD Graphics (0x00004E61) Direct3D11 vs_5_0 ps_5_0, D3D11)" version:"OpenGL ES 2.0 (WebGL 2.0 (OpenGL ES 3.0 Chromium))" @ https://www.figma.com/webpack-artifacts/assets/vendor-core-06f91ddf4d5160d5.min.js.br:53
[  284175ms] [ERROR] Failed to load resource: the server responded with a status of 401 () @ https://www.figma.com/api/files/E0QcmmjPQsDcny0qlASbMs/prototype/view:0
[  291288ms] [ERROR] Failed to load resource: net::ERR_NAME_NOT_RESOLVED @ https://browser-intake-datadoghq.com/api/v2/rum:0
[  340175ms] [LOG] Running frontend commit 5c8c1b686f2a15f0f511ce3a2eeced30bd0495b9 @ https://www.figma.com/proto/E0QcmmjPQsDcny0qlASbMs/875542?page-id=1701%3A2397&node-id=1701-3361&viewport=848%2C-764%2C0.12&scaling=scale-down:553
[  343535ms] [WARNING] Statsig is not ready to log exposures, will retry in 1 seconds @ https://www.figma.com/webpack-artifacts/assets/vendor-core-06f91ddf4d5160d5.min.js.br:53
[  343993ms] [LOG] [import] git: c881cfba8f094270f5749b99a324431caac92331, stamp: EDF456534212FB45 @ https://www.figma.com/webpack-artifacts/assets/vendor-core-06f91ddf4d5160d5.min.js.br:53
[  346610ms] [INFO] [PrototypeLib] Booting... (emscripten version 4.0.21) @ https://www.figma.com/webpack-artifacts/assets/vendor-core-06f91ddf4d5160d5.min.js.br:53
[  346771ms] [INFO] [GPU] graphicsAPI:"WebGL 2", vendor:"Google Inc. (Intel)", renderer:"ANGLE (Intel, Intel(R) UHD Graphics (0x00004E61) Direct3D11 vs_5_0 ps_5_0, D3D11)" version:"OpenGL ES 2.0 (WebGL 2.0 (OpenGL ES 3.0 Chromium))" @ https://www.figma.com/webpack-artifacts/assets/vendor-core-06f91ddf4d5160d5.min.js.br:53
[  353011ms] [ERROR] Failed to load resource: the server responded with a status of 401 () @ https://www.figma.com/api/files/E0QcmmjPQsDcny0qlASbMs/prototype/view:0
[  363225ms] [ERROR] Failed to load resource: net::ERR_NAME_NOT_RESOLVED @ https://browser-intake-datadoghq.com/api/v2/rum:0
