[    4565ms] [INFO] %cDownload the React DevTools for a better development experience: https://reactjs.org/link/react-devtools font-weight:bold @ http://localhost:5173/node_modules/.vite/deps/chunk-YQ5BCTVV.js?v=1177e0f9:21608
[    4684ms] [WARNING] {msg: An error has occurred checking the feature gate. Only the first occurrence of this error is logged., gateName: platform-dst-motion-uplift-button, error: Error: Client must be initialized before using this method
    at Client2.assertInitialized (http:/…} @ http://localhost:5173/node_modules/.vite/deps/chunk-E5HLUE4M.js?v=1177e0f9:6360
[   10098ms] [ERROR] Warning: Using UNSAFE_componentWillMount in strict mode is not recommended and may indicate bugs in your code. See https://reactjs.org/link/unsafe-component-lifecycles for details.

* Move code with side effects to componentDidMount, and set initial state in the constructor.

Please update the following components: %s TableHead2 @ http://localhost:5173/node_modules/.vite/deps/chunk-YQ5BCTVV.js?v=1177e0f9:520
[   10099ms] [ERROR] Warning: Using UNSAFE_componentWillReceiveProps in strict mode is not recommended and may indicate bugs in your code. See https://reactjs.org/link/unsafe-component-lifecycles for details.

* Move data fetching code or side effects to componentDidUpdate.
* If you're updating state whenever props change, refactor your code to use memoization techniques or move it to static getDerivedStateFromProps. Learn more at: https://reactjs.org/link/derived-state

Please update the following components: %s LoadingContainerAdvanced2, TableHead2 @ http://localhost:5173/node_modules/.vite/deps/chunk-YQ5BCTVV.js?v=1177e0f9:520
[   17803ms] [ERROR] Warning: validateDOMNesting(...): %s cannot appear as a descendant of <%s>.%s <button> button 
    at button
    at http://localhost:5173/node_modules/.vite/deps/chunk-NNJ5SJOE.js?v=1177e0f9:186:22
    at http://localhost:5173/node_modules/.vite/deps/chunk-NNJ5SJOE.js?v=1177e0f9:1036:23
    at div
    at ClearIndicator2 (http://localhost:5173/node_modules/.vite/deps/@atlaskit_select.js?v=d8779fff:1091:26)
    at div
    at IndicatorsContainer2 (http://localhost:5173/node_modules/.vite/deps/@atlaskit_select.js?v=d8779fff:889:24)
    at div
    at Control2 (http://localhost:5173/node_modules/.vite/deps/@atlaskit_select.js?v=d8779fff:985:24)
    at div
    at SelectContainer2 (http://localhost:5173/node_modules/.vite/deps/@atlaskit_select.js?v=d8779fff:927:24)
    at Select3 (http://localhost:5173/node_modules/.vite/deps/@atlaskit_select.js?v=d8779fff:5053:5)
    at http://localhost:5173/node_modules/.vite/deps/@atlaskit_select.js?v=d8779fff:6875:42
    at AtlaskitSelect2 (http://localhost:5173/node_modules/.vite/deps/@atlaskit_select.js?v=d8779fff:7433:34)
    at http://localhost:5173/node_modules/.vite/deps/@atlaskit_select.js?v=d8779fff:7386:30
    at AnalyticsContext3 (http://localhost:5173/node_modules/.vite/deps/@atlaskit_select.js?v=d8779fff:7243:20)
    at AnalyticsContext5 (http://localhost:5173/node_modules/.vite/deps/@atlaskit_select.js?v=d8779fff:7263:48)
    at http://localhost:5173/node_modules/.vite/deps/@atlaskit_select.js?v=d8779fff:7296:36
    at span
    at span
    at span
    at div
    at http://localhost:5173/node_modules/.vite/deps/chunk-NNJ5SJOE.js?v=1177e0f9:641:22
    at button
    at http://localhost:5173/node_modules/.vite/deps/chunk-NNJ5SJOE.js?v=1177e0f9:186:22
    at http://localhost:5173/node_modules/.vite/deps/chunk-NNJ5SJOE.js?v=1177e0f9:1036:23
    at div
    at http://localhost:5173/node_modules/.vite/deps/chunk-NNJ5SJOE.js?v=1177e0f9:547:24
    at Tooltip (http://localhost:5173/node_modules/.vite/deps/chunk-Y5KAOLAR.js?v=1177e0f9:2694:24)
    at div
    at http://localhost:5173/node_modules/.vite/deps/chunk-NNJ5SJOE.js?v=1177e0f9:547:24
    at th
    at http://localhost:5173/node_modules/.vite/deps/@atlaskit_dynamic-table.js?v=de0df713:1766:20
    at TableHeadCell2 (http://localhost:5173/node_modules/.vite/deps/@atlaskit_dynamic-table.js?v=de0df713:1811:22)
    at tr
    at thead
    at Head2 (http://localhost:5173/node_modules/.vite/deps/@atlaskit_dynamic-table.js?v=de0df713:1718:24)
    at TableHead2 (http://localhost:5173/node_modules/.vite/deps/@atlaskit_dynamic-table.js?v=de0df713:1935:5)
    at table
    at http://localhost:5173/node_modules/.vite/deps/@atlaskit_dynamic-table.js?v=de0df713:267:26
    at div
    at http://localhost:5173/node_modules/.vite/deps/@atlaskit_dynamic-table.js?v=de0df713:540:24
    at LoadingContainerAdvanced2 (http://localhost:5173/node_modules/.vite/deps/@atlaskit_dynamic-table.js?v=de0df713:564:5)
    at DynamicTable2 (http://localhost:5173/node_modules/.vite/deps/@atlaskit_dynamic-table.js?v=de0df713:2018:22)
    at div
    at Grades (http://localhost:5173/src/screens/Grades.tsx?t=1788623916157:36:34)
    at main
    at App (http://localhost:5173/src/App.tsx?t=1788623916157:26:33) @ http://localhost:5173/node_modules/.vite/deps/chunk-YQ5BCTVV.js?v=1177e0f9:520
[  578281ms] [INFO] %cDownload the React DevTools for a better development experience: https://reactjs.org/link/react-devtools font-weight:bold @ http://localhost:5173/node_modules/.vite/deps/chunk-YQ5BCTVV.js?v=b7fc0c6a:21608
[  578321ms] [ERROR] Warning: Invalid hook call. Hooks can only be called inside of the body of a function component. This could happen for one of the following reasons:
1. You might have mismatching versions of React and the renderer (such as React DOM)
2. You might be breaking the Rules of Hooks
3. You might have more than one copy of React in the same app
See https://reactjs.org/link/invalid-hook-call for tips about how to debug and fix this problem. @ http://localhost:5173/node_modules/.vite/deps/chunk-QJTFJ6OV.js?v=b7fc0c6a:135
[  578323ms] [ERROR] Warning: Invalid hook call. Hooks can only be called inside of the body of a function component. This could happen for one of the following reasons:
1. You might have mismatching versions of React and the renderer (such as React DOM)
2. You might be breaking the Rules of Hooks
3. You might have more than one copy of React in the same app
See https://reactjs.org/link/invalid-hook-call for tips about how to debug and fix this problem. @ http://localhost:5173/node_modules/.vite/deps/chunk-QJTFJ6OV.js?v=b7fc0c6a:135
[  578347ms] TypeError: Cannot read properties of null (reading 'useState')
    at useState (http://localhost:5173/node_modules/.vite/deps/chunk-QJTFJ6OV.js?v=b7fc0c6a:1066:29)
    at useControlled (http://localhost:5173/node_modules/.vite/deps/chunk-47BJKYH4.js?v=b7fc0c6a:18:45)
    at DropdownMenuLegacy (http://localhost:5173/node_modules/.vite/deps/@atlaskit_dropdown-menu.js?v=763e428a:2383:29)
    at renderWithHooks (http://localhost:5173/node_modules/.vite/deps/chunk-YQ5BCTVV.js?v=1177e0f9:11596:26)
    at mountIndeterminateComponent (http://localhost:5173/node_modules/.vite/deps/chunk-YQ5BCTVV.js?v=1177e0f9:14974:21)
    at beginWork (http://localhost:5173/node_modules/.vite/deps/chunk-YQ5BCTVV.js?v=1177e0f9:15962:22)
    at HTMLUnknownElement.callCallback2 (http://localhost:5173/node_modules/.vite/deps/chunk-YQ5BCTVV.js?v=1177e0f9:3680:22)
    at Object.invokeGuardedCallbackDev (http://localhost:5173/node_modules/.vite/deps/chunk-YQ5BCTVV.js?v=1177e0f9:3705:24)
    at invokeGuardedCallback (http://localhost:5173/node_modules/.vite/deps/chunk-YQ5BCTVV.js?v=1177e0f9:3739:39)
    at beginWork$1 (http://localhost:5173/node_modules/.vite/deps/chunk-YQ5BCTVV.js?v=1177e0f9:19818:15)
[  578330ms] [ERROR] Warning: Invalid hook call. Hooks can only be called inside of the body of a function component. This could happen for one of the following reasons:
1. You might have mismatching versions of React and the renderer (such as React DOM)
2. You might be breaking the Rules of Hooks
3. You might have more than one copy of React in the same app
See https://reactjs.org/link/invalid-hook-call for tips about how to debug and fix this problem. @ http://localhost:5173/node_modules/.vite/deps/chunk-QJTFJ6OV.js?v=b7fc0c6a:135
[  578331ms] [ERROR] Warning: Invalid hook call. Hooks can only be called inside of the body of a function component. This could happen for one of the following reasons:
1. You might have mismatching versions of React and the renderer (such as React DOM)
2. You might be breaking the Rules of Hooks
3. You might have more than one copy of React in the same app
See https://reactjs.org/link/invalid-hook-call for tips about how to debug and fix this problem. @ http://localhost:5173/node_modules/.vite/deps/chunk-QJTFJ6OV.js?v=b7fc0c6a:135
[  578391ms] TypeError: Cannot read properties of null (reading 'useState')
    at useState (http://localhost:5173/node_modules/.vite/deps/chunk-QJTFJ6OV.js?v=b7fc0c6a:1066:29)
    at useControlled (http://localhost:5173/node_modules/.vite/deps/chunk-47BJKYH4.js?v=b7fc0c6a:18:45)
    at DropdownMenuLegacy (http://localhost:5173/node_modules/.vite/deps/@atlaskit_dropdown-menu.js?v=763e428a:2383:29)
    at renderWithHooks (http://localhost:5173/node_modules/.vite/deps/chunk-YQ5BCTVV.js?v=1177e0f9:11596:26)
    at mountIndeterminateComponent (http://localhost:5173/node_modules/.vite/deps/chunk-YQ5BCTVV.js?v=1177e0f9:14974:21)
    at beginWork (http://localhost:5173/node_modules/.vite/deps/chunk-YQ5BCTVV.js?v=1177e0f9:15962:22)
    at HTMLUnknownElement.callCallback2 (http://localhost:5173/node_modules/.vite/deps/chunk-YQ5BCTVV.js?v=1177e0f9:3680:22)
    at Object.invokeGuardedCallbackDev (http://localhost:5173/node_modules/.vite/deps/chunk-YQ5BCTVV.js?v=1177e0f9:3705:24)
    at invokeGuardedCallback (http://localhost:5173/node_modules/.vite/deps/chunk-YQ5BCTVV.js?v=1177e0f9:3739:39)
    at beginWork$1 (http://localhost:5173/node_modules/.vite/deps/chunk-YQ5BCTVV.js?v=1177e0f9:19818:15)
[  578334ms] [ERROR] Warning: Invalid hook call. Hooks can only be called inside of the body of a function component. This could happen for one of the following reasons:
1. You might have mismatching versions of React and the renderer (such as React DOM)
2. You might be breaking the Rules of Hooks
3. You might have more than one copy of React in the same app
See https://reactjs.org/link/invalid-hook-call for tips about how to debug and fix this problem. @ http://localhost:5173/node_modules/.vite/deps/chunk-QJTFJ6OV.js?v=b7fc0c6a:135
[  578335ms] [ERROR] Warning: Invalid hook call. Hooks can only be called inside of the body of a function component. This could happen for one of the following reasons:
1. You might have mismatching versions of React and the renderer (such as React DOM)
2. You might be breaking the Rules of Hooks
3. You might have more than one copy of React in the same app
See https://reactjs.org/link/invalid-hook-call for tips about how to debug and fix this problem. @ http://localhost:5173/node_modules/.vite/deps/chunk-QJTFJ6OV.js?v=b7fc0c6a:135
[  578398ms] TypeError: Cannot read properties of null (reading 'useState')
    at useState (http://localhost:5173/node_modules/.vite/deps/chunk-QJTFJ6OV.js?v=b7fc0c6a:1066:29)
    at useControlled (http://localhost:5173/node_modules/.vite/deps/chunk-47BJKYH4.js?v=b7fc0c6a:18:45)
    at DropdownMenuLegacy (http://localhost:5173/node_modules/.vite/deps/@atlaskit_dropdown-menu.js?v=763e428a:2383:29)
    at renderWithHooks (http://localhost:5173/node_modules/.vite/deps/chunk-YQ5BCTVV.js?v=1177e0f9:11596:26)
    at mountIndeterminateComponent (http://localhost:5173/node_modules/.vite/deps/chunk-YQ5BCTVV.js?v=1177e0f9:14974:21)
    at beginWork (http://localhost:5173/node_modules/.vite/deps/chunk-YQ5BCTVV.js?v=1177e0f9:15962:22)
    at HTMLUnknownElement.callCallback2 (http://localhost:5173/node_modules/.vite/deps/chunk-YQ5BCTVV.js?v=1177e0f9:3680:22)
    at Object.invokeGuardedCallbackDev (http://localhost:5173/node_modules/.vite/deps/chunk-YQ5BCTVV.js?v=1177e0f9:3705:24)
    at invokeGuardedCallback (http://localhost:5173/node_modules/.vite/deps/chunk-YQ5BCTVV.js?v=1177e0f9:3739:39)
    at beginWork$1 (http://localhost:5173/node_modules/.vite/deps/chunk-YQ5BCTVV.js?v=1177e0f9:19818:15)
[  578337ms] [ERROR] Warning: Invalid hook call. Hooks can only be called inside of the body of a function component. This could happen for one of the following reasons:
1. You might have mismatching versions of React and the renderer (such as React DOM)
2. You might be breaking the Rules of Hooks
3. You might have more than one copy of React in the same app
See https://reactjs.org/link/invalid-hook-call for tips about how to debug and fix this problem. @ http://localhost:5173/node_modules/.vite/deps/chunk-QJTFJ6OV.js?v=b7fc0c6a:135
[  578339ms] [ERROR] Warning: Invalid hook call. Hooks can only be called inside of the body of a function component. This could happen for one of the following reasons:
1. You might have mismatching versions of React and the renderer (such as React DOM)
2. You might be breaking the Rules of Hooks
3. You might have more than one copy of React in the same app
See https://reactjs.org/link/invalid-hook-call for tips about how to debug and fix this problem. @ http://localhost:5173/node_modules/.vite/deps/chunk-QJTFJ6OV.js?v=b7fc0c6a:135
[  578398ms] TypeError: Cannot read properties of null (reading 'useState')
    at useState (http://localhost:5173/node_modules/.vite/deps/chunk-QJTFJ6OV.js?v=b7fc0c6a:1066:29)
    at useControlled (http://localhost:5173/node_modules/.vite/deps/chunk-47BJKYH4.js?v=b7fc0c6a:18:45)
    at DropdownMenuLegacy (http://localhost:5173/node_modules/.vite/deps/@atlaskit_dropdown-menu.js?v=763e428a:2383:29)
    at renderWithHooks (http://localhost:5173/node_modules/.vite/deps/chunk-YQ5BCTVV.js?v=1177e0f9:11596:26)
    at mountIndeterminateComponent (http://localhost:5173/node_modules/.vite/deps/chunk-YQ5BCTVV.js?v=1177e0f9:14974:21)
    at beginWork (http://localhost:5173/node_modules/.vite/deps/chunk-YQ5BCTVV.js?v=1177e0f9:15962:22)
    at HTMLUnknownElement.callCallback2 (http://localhost:5173/node_modules/.vite/deps/chunk-YQ5BCTVV.js?v=1177e0f9:3680:22)
    at Object.invokeGuardedCallbackDev (http://localhost:5173/node_modules/.vite/deps/chunk-YQ5BCTVV.js?v=1177e0f9:3705:24)
    at invokeGuardedCallback (http://localhost:5173/node_modules/.vite/deps/chunk-YQ5BCTVV.js?v=1177e0f9:3739:39)
    at beginWork$1 (http://localhost:5173/node_modules/.vite/deps/chunk-YQ5BCTVV.js?v=1177e0f9:19818:15)
[  578347ms] [ERROR] Warning: Invalid hook call. Hooks can only be called inside of the body of a function component. This could happen for one of the following reasons:
1. You might have mismatching versions of React and the renderer (such as React DOM)
2. You might be breaking the Rules of Hooks
3. You might have more than one copy of React in the same app
See https://reactjs.org/link/invalid-hook-call for tips about how to debug and fix this problem. @ http://localhost:5173/node_modules/.vite/deps/chunk-QJTFJ6OV.js?v=b7fc0c6a:135
[  578348ms] [ERROR] Warning: Invalid hook call. Hooks can only be called inside of the body of a function component. This could happen for one of the following reasons:
1. You might have mismatching versions of React and the renderer (such as React DOM)
2. You might be breaking the Rules of Hooks
3. You might have more than one copy of React in the same app
See https://reactjs.org/link/invalid-hook-call for tips about how to debug and fix this problem. @ http://localhost:5173/node_modules/.vite/deps/chunk-QJTFJ6OV.js?v=b7fc0c6a:135
[  578408ms] TypeError: Cannot read properties of null (reading 'useState')
    at useState (http://localhost:5173/node_modules/.vite/deps/chunk-QJTFJ6OV.js?v=b7fc0c6a:1066:29)
    at useControlled (http://localhost:5173/node_modules/.vite/deps/chunk-47BJKYH4.js?v=b7fc0c6a:18:45)
    at DropdownMenuLegacy (http://localhost:5173/node_modules/.vite/deps/@atlaskit_dropdown-menu.js?v=763e428a:2383:29)
    at renderWithHooks (http://localhost:5173/node_modules/.vite/deps/chunk-YQ5BCTVV.js?v=1177e0f9:11596:26)
    at mountIndeterminateComponent (http://localhost:5173/node_modules/.vite/deps/chunk-YQ5BCTVV.js?v=1177e0f9:14974:21)
    at beginWork (http://localhost:5173/node_modules/.vite/deps/chunk-YQ5BCTVV.js?v=1177e0f9:15962:22)
    at HTMLUnknownElement.callCallback2 (http://localhost:5173/node_modules/.vite/deps/chunk-YQ5BCTVV.js?v=1177e0f9:3680:22)
    at Object.invokeGuardedCallbackDev (http://localhost:5173/node_modules/.vite/deps/chunk-YQ5BCTVV.js?v=1177e0f9:3705:24)
    at invokeGuardedCallback (http://localhost:5173/node_modules/.vite/deps/chunk-YQ5BCTVV.js?v=1177e0f9:3739:39)
    at beginWork$1 (http://localhost:5173/node_modules/.vite/deps/chunk-YQ5BCTVV.js?v=1177e0f9:19818:15)
[  578350ms] [ERROR] Warning: Invalid hook call. Hooks can only be called inside of the body of a function component. This could happen for one of the following reasons:
1. You might have mismatching versions of React and the renderer (such as React DOM)
2. You might be breaking the Rules of Hooks
3. You might have more than one copy of React in the same app
See https://reactjs.org/link/invalid-hook-call for tips about how to debug and fix this problem. @ http://localhost:5173/node_modules/.vite/deps/chunk-QJTFJ6OV.js?v=b7fc0c6a:135
[  578351ms] [ERROR] Warning: Invalid hook call. Hooks can only be called inside of the body of a function component. This could happen for one of the following reasons:
1. You might have mismatching versions of React and the renderer (such as React DOM)
2. You might be breaking the Rules of Hooks
3. You might have more than one copy of React in the same app
See https://reactjs.org/link/invalid-hook-call for tips about how to debug and fix this problem. @ http://localhost:5173/node_modules/.vite/deps/chunk-QJTFJ6OV.js?v=b7fc0c6a:135
[  578409ms] TypeError: Cannot read properties of null (reading 'useState')
    at useState (http://localhost:5173/node_modules/.vite/deps/chunk-QJTFJ6OV.js?v=b7fc0c6a:1066:29)
    at useControlled (http://localhost:5173/node_modules/.vite/deps/chunk-47BJKYH4.js?v=b7fc0c6a:18:45)
    at DropdownMenuLegacy (http://localhost:5173/node_modules/.vite/deps/@atlaskit_dropdown-menu.js?v=763e428a:2383:29)
    at renderWithHooks (http://localhost:5173/node_modules/.vite/deps/chunk-YQ5BCTVV.js?v=1177e0f9:11596:26)
    at mountIndeterminateComponent (http://localhost:5173/node_modules/.vite/deps/chunk-YQ5BCTVV.js?v=1177e0f9:14974:21)
    at beginWork (http://localhost:5173/node_modules/.vite/deps/chunk-YQ5BCTVV.js?v=1177e0f9:15962:22)
    at HTMLUnknownElement.callCallback2 (http://localhost:5173/node_modules/.vite/deps/chunk-YQ5BCTVV.js?v=1177e0f9:3680:22)
    at Object.invokeGuardedCallbackDev (http://localhost:5173/node_modules/.vite/deps/chunk-YQ5BCTVV.js?v=1177e0f9:3705:24)
    at invokeGuardedCallback (http://localhost:5173/node_modules/.vite/deps/chunk-YQ5BCTVV.js?v=1177e0f9:3739:39)
    at beginWork$1 (http://localhost:5173/node_modules/.vite/deps/chunk-YQ5BCTVV.js?v=1177e0f9:19818:15)
[  578353ms] [ERROR] Warning: Invalid hook call. Hooks can only be called inside of the body of a function component. This could happen for one of the following reasons:
1. You might have mismatching versions of React and the renderer (such as React DOM)
2. You might be breaking the Rules of Hooks
3. You might have more than one copy of React in the same app
See https://reactjs.org/link/invalid-hook-call for tips about how to debug and fix this problem. @ http://localhost:5173/node_modules/.vite/deps/chunk-QJTFJ6OV.js?v=b7fc0c6a:135
[  578354ms] [ERROR] Warning: Invalid hook call. Hooks can only be called inside of the body of a function component. This could happen for one of the following reasons:
1. You might have mismatching versions of React and the renderer (such as React DOM)
2. You might be breaking the Rules of Hooks
3. You might have more than one copy of React in the same app
See https://reactjs.org/link/invalid-hook-call for tips about how to debug and fix this problem. @ http://localhost:5173/node_modules/.vite/deps/chunk-QJTFJ6OV.js?v=b7fc0c6a:135
[  578409ms] TypeError: Cannot read properties of null (reading 'useState')
    at useState (http://localhost:5173/node_modules/.vite/deps/chunk-QJTFJ6OV.js?v=b7fc0c6a:1066:29)
    at useControlled (http://localhost:5173/node_modules/.vite/deps/chunk-47BJKYH4.js?v=b7fc0c6a:18:45)
    at DropdownMenuLegacy (http://localhost:5173/node_modules/.vite/deps/@atlaskit_dropdown-menu.js?v=763e428a:2383:29)
    at renderWithHooks (http://localhost:5173/node_modules/.vite/deps/chunk-YQ5BCTVV.js?v=1177e0f9:11596:26)
    at mountIndeterminateComponent (http://localhost:5173/node_modules/.vite/deps/chunk-YQ5BCTVV.js?v=1177e0f9:14974:21)
    at beginWork (http://localhost:5173/node_modules/.vite/deps/chunk-YQ5BCTVV.js?v=1177e0f9:15962:22)
    at HTMLUnknownElement.callCallback2 (http://localhost:5173/node_modules/.vite/deps/chunk-YQ5BCTVV.js?v=1177e0f9:3680:22)
    at Object.invokeGuardedCallbackDev (http://localhost:5173/node_modules/.vite/deps/chunk-YQ5BCTVV.js?v=1177e0f9:3705:24)
    at invokeGuardedCallback (http://localhost:5173/node_modules/.vite/deps/chunk-YQ5BCTVV.js?v=1177e0f9:3739:39)
    at beginWork$1 (http://localhost:5173/node_modules/.vite/deps/chunk-YQ5BCTVV.js?v=1177e0f9:19818:15)
[  578356ms] [ERROR] Warning: Invalid hook call. Hooks can only be called inside of the body of a function component. This could happen for one of the following reasons:
1. You might have mismatching versions of React and the renderer (such as React DOM)
2. You might be breaking the Rules of Hooks
3. You might have more than one copy of React in the same app
See https://reactjs.org/link/invalid-hook-call for tips about how to debug and fix this problem. @ http://localhost:5173/node_modules/.vite/deps/chunk-QJTFJ6OV.js?v=b7fc0c6a:135
[  578357ms] [ERROR] Warning: Invalid hook call. Hooks can only be called inside of the body of a function component. This could happen for one of the following reasons:
1. You might have mismatching versions of React and the renderer (such as React DOM)
2. You might be breaking the Rules of Hooks
3. You might have more than one copy of React in the same app
See https://reactjs.org/link/invalid-hook-call for tips about how to debug and fix this problem. @ http://localhost:5173/node_modules/.vite/deps/chunk-QJTFJ6OV.js?v=b7fc0c6a:135
[  578409ms] TypeError: Cannot read properties of null (reading 'useState')
    at useState (http://localhost:5173/node_modules/.vite/deps/chunk-QJTFJ6OV.js?v=b7fc0c6a:1066:29)
    at useControlled (http://localhost:5173/node_modules/.vite/deps/chunk-47BJKYH4.js?v=b7fc0c6a:18:45)
    at DropdownMenuLegacy (http://localhost:5173/node_modules/.vite/deps/@atlaskit_dropdown-menu.js?v=763e428a:2383:29)
    at renderWithHooks (http://localhost:5173/node_modules/.vite/deps/chunk-YQ5BCTVV.js?v=1177e0f9:11596:26)
    at mountIndeterminateComponent (http://localhost:5173/node_modules/.vite/deps/chunk-YQ5BCTVV.js?v=1177e0f9:14974:21)
    at beginWork (http://localhost:5173/node_modules/.vite/deps/chunk-YQ5BCTVV.js?v=1177e0f9:15962:22)
    at HTMLUnknownElement.callCallback2 (http://localhost:5173/node_modules/.vite/deps/chunk-YQ5BCTVV.js?v=1177e0f9:3680:22)
    at Object.invokeGuardedCallbackDev (http://localhost:5173/node_modules/.vite/deps/chunk-YQ5BCTVV.js?v=1177e0f9:3705:24)
    at invokeGuardedCallback (http://localhost:5173/node_modules/.vite/deps/chunk-YQ5BCTVV.js?v=1177e0f9:3739:39)
    at beginWork$1 (http://localhost:5173/node_modules/.vite/deps/chunk-YQ5BCTVV.js?v=1177e0f9:19818:15)
[  578363ms] [ERROR] The above error occurred in the <DropdownMenuLegacy> component:

    at DropdownMenuLegacy (http://localhost:5173/node_modules/.vite/deps/@atlaskit_dropdown-menu.js?v=763e428a:2382:29)
    at DropdownMenu2 (http://localhost:5173/node_modules/.vite/deps/@atlaskit_dropdown-menu.js?v=763e428a:2573:32)
    at span
    at th
    at http://localhost:5173/node_modules/.vite/deps/@atlaskit_dynamic-table.js?v=de0df713:1766:20
    at TableHeadCell2 (http://localhost:5173/node_modules/.vite/deps/@atlaskit_dynamic-table.js?v=de0df713:1811:22)
    at tr
    at thead
    at Head2 (http://localhost:5173/node_modules/.vite/deps/@atlaskit_dynamic-table.js?v=de0df713:1718:24)
    at TableHead2 (http://localhost:5173/node_modules/.vite/deps/@atlaskit_dynamic-table.js?v=de0df713:1935:5)
    at table
    at http://localhost:5173/node_modules/.vite/deps/@atlaskit_dynamic-table.js?v=de0df713:267:26
    at div
    at http://localhost:5173/node_modules/.vite/deps/@atlaskit_dynamic-table.js?v=de0df713:540:24
    at LoadingContainerAdvanced2 (http://localhost:5173/node_modules/.vite/deps/@atlaskit_dynamic-table.js?v=de0df713:564:5)
    at DynamicTable2 (http://localhost:5173/node_modules/.vite/deps/@atlaskit_dynamic-table.js?v=de0df713:2018:22)
    at div
    at Grades (http://localhost:5173/src/screens/Grades.tsx?t=1788624501690:40:34)
    at main
    at App (http://localhost:5173/src/App.tsx?t=1788623916157:26:33)

Consider adding an error boundary to your tree to customize error handling behavior.
Visit https://reactjs.org/link/error-boundaries to learn more about error boundaries. @ http://localhost:5173/node_modules/.vite/deps/chunk-YQ5BCTVV.js?v=1177e0f9:14079
[  578363ms] [ERROR] The above error occurred in the <DropdownMenuLegacy> component:

    at DropdownMenuLegacy (http://localhost:5173/node_modules/.vite/deps/@atlaskit_dropdown-menu.js?v=763e428a:2382:29)
    at DropdownMenu2 (http://localhost:5173/node_modules/.vite/deps/@atlaskit_dropdown-menu.js?v=763e428a:2573:32)
    at span
    at th
    at http://localhost:5173/node_modules/.vite/deps/@atlaskit_dynamic-table.js?v=de0df713:1766:20
    at TableHeadCell2 (http://localhost:5173/node_modules/.vite/deps/@atlaskit_dynamic-table.js?v=de0df713:1811:22)
    at tr
    at thead
    at Head2 (http://localhost:5173/node_modules/.vite/deps/@atlaskit_dynamic-table.js?v=de0df713:1718:24)
    at TableHead2 (http://localhost:5173/node_modules/.vite/deps/@atlaskit_dynamic-table.js?v=de0df713:1935:5)
    at table
    at http://localhost:5173/node_modules/.vite/deps/@atlaskit_dynamic-table.js?v=de0df713:267:26
    at div
    at http://localhost:5173/node_modules/.vite/deps/@atlaskit_dynamic-table.js?v=de0df713:540:24
    at LoadingContainerAdvanced2 (http://localhost:5173/node_modules/.vite/deps/@atlaskit_dynamic-table.js?v=de0df713:564:5)
    at DynamicTable2 (http://localhost:5173/node_modules/.vite/deps/@atlaskit_dynamic-table.js?v=de0df713:2018:22)
    at div
    at Grades (http://localhost:5173/src/screens/Grades.tsx?t=1788624501690:40:34)
    at main
    at App (http://localhost:5173/src/App.tsx?t=1788623916157:26:33)

Consider adding an error boundary to your tree to customize error handling behavior.
Visit https://reactjs.org/link/error-boundaries to learn more about error boundaries. @ http://localhost:5173/node_modules/.vite/deps/chunk-YQ5BCTVV.js?v=1177e0f9:14079
[  578363ms] [ERROR] The above error occurred in the <DropdownMenuLegacy> component:

    at DropdownMenuLegacy (http://localhost:5173/node_modules/.vite/deps/@atlaskit_dropdown-menu.js?v=763e428a:2382:29)
    at DropdownMenu2 (http://localhost:5173/node_modules/.vite/deps/@atlaskit_dropdown-menu.js?v=763e428a:2573:32)
    at span
    at th
    at http://localhost:5173/node_modules/.vite/deps/@atlaskit_dynamic-table.js?v=de0df713:1766:20
    at TableHeadCell2 (http://localhost:5173/node_modules/.vite/deps/@atlaskit_dynamic-table.js?v=de0df713:1811:22)
    at tr
    at thead
    at Head2 (http://localhost:5173/node_modules/.vite/deps/@atlaskit_dynamic-table.js?v=de0df713:1718:24)
    at TableHead2 (http://localhost:5173/node_modules/.vite/deps/@atlaskit_dynamic-table.js?v=de0df713:1935:5)
    at table
    at http://localhost:5173/node_modules/.vite/deps/@atlaskit_dynamic-table.js?v=de0df713:267:26
    at div
    at http://localhost:5173/node_modules/.vite/deps/@atlaskit_dynamic-table.js?v=de0df713:540:24
    at LoadingContainerAdvanced2 (http://localhost:5173/node_modules/.vite/deps/@atlaskit_dynamic-table.js?v=de0df713:564:5)
    at DynamicTable2 (http://localhost:5173/node_modules/.vite/deps/@atlaskit_dynamic-table.js?v=de0df713:2018:22)
    at div
    at Grades (http://localhost:5173/src/screens/Grades.tsx?t=1788624501690:40:34)
    at main
    at App (http://localhost:5173/src/App.tsx?t=1788623916157:26:33)

Consider adding an error boundary to your tree to customize error handling behavior.
Visit https://reactjs.org/link/error-boundaries to learn more about error boundaries. @ http://localhost:5173/node_modules/.vite/deps/chunk-YQ5BCTVV.js?v=1177e0f9:14079
[  578363ms] [ERROR] The above error occurred in the <DropdownMenuLegacy> component:

    at DropdownMenuLegacy (http://localhost:5173/node_modules/.vite/deps/@atlaskit_dropdown-menu.js?v=763e428a:2382:29)
    at DropdownMenu2 (http://localhost:5173/node_modules/.vite/deps/@atlaskit_dropdown-menu.js?v=763e428a:2573:32)
    at span
    at th
    at http://localhost:5173/node_modules/.vite/deps/@atlaskit_dynamic-table.js?v=de0df713:1766:20
    at TableHeadCell2 (http://localhost:5173/node_modules/.vite/deps/@atlaskit_dynamic-table.js?v=de0df713:1811:22)
    at tr
    at thead
    at Head2 (http://localhost:5173/node_modules/.vite/deps/@atlaskit_dynamic-table.js?v=de0df713:1718:24)
    at TableHead2 (http://localhost:5173/node_modules/.vite/deps/@atlaskit_dynamic-table.js?v=de0df713:1935:5)
    at table
    at http://localhost:5173/node_modules/.vite/deps/@atlaskit_dynamic-table.js?v=de0df713:267:26
    at div
    at http://localhost:5173/node_modules/.vite/deps/@atlaskit_dynamic-table.js?v=de0df713:540:24
    at LoadingContainerAdvanced2 (http://localhost:5173/node_modules/.vite/deps/@atlaskit_dynamic-table.js?v=de0df713:564:5)
    at DynamicTable2 (http://localhost:5173/node_modules/.vite/deps/@atlaskit_dynamic-table.js?v=de0df713:2018:22)
    at div
    at Grades (http://localhost:5173/src/screens/Grades.tsx?t=1788624501690:40:34)
    at main
    at App (http://localhost:5173/src/App.tsx?t=1788623916157:26:33)

Consider adding an error boundary to your tree to customize error handling behavior.
Visit https://reactjs.org/link/error-boundaries to learn more about error boundaries. @ http://localhost:5173/node_modules/.vite/deps/chunk-YQ5BCTVV.js?v=1177e0f9:14079
[  578410ms] TypeError: Cannot read properties of null (reading 'useState')
    at useState (http://localhost:5173/node_modules/.vite/deps/chunk-QJTFJ6OV.js?v=b7fc0c6a:1066:29)
    at useControlled (http://localhost:5173/node_modules/.vite/deps/chunk-47BJKYH4.js?v=b7fc0c6a:18:45)
    at DropdownMenuLegacy (http://localhost:5173/node_modules/.vite/deps/@atlaskit_dropdown-menu.js?v=763e428a:2383:29)
    at renderWithHooks (http://localhost:5173/node_modules/.vite/deps/chunk-YQ5BCTVV.js?v=1177e0f9:11596:26)
    at mountIndeterminateComponent (http://localhost:5173/node_modules/.vite/deps/chunk-YQ5BCTVV.js?v=1177e0f9:14974:21)
    at beginWork (http://localhost:5173/node_modules/.vite/deps/chunk-YQ5BCTVV.js?v=1177e0f9:15962:22)
    at beginWork$1 (http://localhost:5173/node_modules/.vite/deps/chunk-YQ5BCTVV.js?v=1177e0f9:19806:22)
    at performUnitOfWork (http://localhost:5173/node_modules/.vite/deps/chunk-YQ5BCTVV.js?v=1177e0f9:19251:20)
    at workLoopSync (http://localhost:5173/node_modules/.vite/deps/chunk-YQ5BCTVV.js?v=1177e0f9:19190:13)
    at renderRootSync (http://localhost:5173/node_modules/.vite/deps/chunk-YQ5BCTVV.js?v=1177e0f9:19169:15)
[  578922ms] [WARNING] You are loading @emotion/react when it is already loaded. Running multiple instances may cause problems. This can happen if multiple versions are used, or if multiple builds of the same version are used. @ http://localhost:5173/node_modules/.vite/deps/chunk-2I7RAEPE.js?v=b7fc0c6a:2223
[  580845ms] [INFO] %cDownload the React DevTools for a better development experience: https://reactjs.org/link/react-devtools font-weight:bold @ http://localhost:5173/node_modules/.vite/deps/chunk-YQ5BCTVV.js?v=b7fc0c6a:21608
[  580968ms] [WARNING] {msg: An error has occurred checking the feature gate. Only the first occurrence of this error is logged., gateName: platform-dst-motion-uplift-button, error: Error: Client must be initialized before using this method
    at Client2.assertInitialized (http:/…} @ http://localhost:5173/node_modules/.vite/deps/chunk-WJIJ2XQF.js?v=b7fc0c6a:6360
