[    1102ms] [INFO] %cDownload the React DevTools for a better development experience: https://reactjs.org/link/react-devtools font-weight:bold @ http://localhost:5173/node_modules/.vite/deps/chunk-YQ5BCTVV.js?v=b7fc0c6a:21608
[    1176ms] [WARNING] {msg: An error has occurred checking the feature gate. Only the first occurrence of this error is logged., gateName: platform-dst-motion-uplift-button, error: Error: Client must be initialized before using this method
    at Client2.assertInitialized (http:/…} @ http://localhost:5173/node_modules/.vite/deps/chunk-WJIJ2XQF.js?v=b7fc0c6a:6360
[    5080ms] [ERROR] Warning: React does not recognize the `%s` prop on a DOM element. If you intentionally want it to appear in the DOM as a custom attribute, spell it as lowercase `%s` instead. If you accidentally passed it from a parent component, remove it from the DOM element.%s isSelected isselected 
    at button
    at Reference (http://localhost:5173/node_modules/.vite/deps/chunk-BW23K4UN.js?v=b7fc0c6a:1846:23)
    at Reference2 (http://localhost:5173/node_modules/.vite/deps/@atlaskit_dropdown-menu.js?v=b7fc0c6a:573:23)
    at Manager (http://localhost:5173/node_modules/.vite/deps/chunk-BW23K4UN.js?v=b7fc0c6a:180:23)
    at Manager2 (http://localhost:5173/node_modules/.vite/deps/@atlaskit_dropdown-menu.js?v=b7fc0c6a:553:23)
    at PopupLegacy2 (http://localhost:5173/node_modules/.vite/deps/@atlaskit_dropdown-menu.js?v=b7fc0c6a:1551:20)
    at SelectionStore2 (http://localhost:5173/node_modules/.vite/deps/@atlaskit_dropdown-menu.js?v=b7fc0c6a:1820:24)
    at DropdownMenuLegacy (http://localhost:5173/node_modules/.vite/deps/@atlaskit_dropdown-menu.js?v=b7fc0c6a:2382:29)
    at DropdownMenu2 (http://localhost:5173/node_modules/.vite/deps/@atlaskit_dropdown-menu.js?v=b7fc0c6a:2573:32)
    at span
    at th
    at http://localhost:5173/node_modules/.vite/deps/@atlaskit_dynamic-table.js?v=b7fc0c6a:1750:20
    at TableHeadCell2 (http://localhost:5173/node_modules/.vite/deps/@atlaskit_dynamic-table.js?v=b7fc0c6a:1795:22)
    at tr
    at thead
    at Head2 (http://localhost:5173/node_modules/.vite/deps/@atlaskit_dynamic-table.js?v=b7fc0c6a:1702:24)
    at TableHead2 (http://localhost:5173/node_modules/.vite/deps/@atlaskit_dynamic-table.js?v=b7fc0c6a:1919:5)
    at table
    at http://localhost:5173/node_modules/.vite/deps/@atlaskit_dynamic-table.js?v=b7fc0c6a:274:26
    at div
    at http://localhost:5173/node_modules/.vite/deps/@atlaskit_dynamic-table.js?v=b7fc0c6a:547:24
    at LoadingContainerAdvanced2 (http://localhost:5173/node_modules/.vite/deps/@atlaskit_dynamic-table.js?v=b7fc0c6a:571:5)
    at DynamicTable2 (http://localhost:5173/node_modules/.vite/deps/@atlaskit_dynamic-table.js?v=b7fc0c6a:2002:22)
    at div
    at Grades (http://localhost:5173/src/screens/Grades.tsx?t=1788624539138:40:34)
    at main
    at App (http://localhost:5173/src/App.tsx?t=1788624539138:26:33) @ http://localhost:5173/node_modules/.vite/deps/chunk-YQ5BCTVV.js?v=b7fc0c6a:520
[    5081ms] [ERROR] Warning: React does not recognize the `%s` prop on a DOM element. If you intentionally want it to appear in the DOM as a custom attribute, spell it as lowercase `%s` instead. If you accidentally passed it from a parent component, remove it from the DOM element.%s testId testid 
    at button
    at Reference (http://localhost:5173/node_modules/.vite/deps/chunk-BW23K4UN.js?v=b7fc0c6a:1846:23)
    at Reference2 (http://localhost:5173/node_modules/.vite/deps/@atlaskit_dropdown-menu.js?v=b7fc0c6a:573:23)
    at Manager (http://localhost:5173/node_modules/.vite/deps/chunk-BW23K4UN.js?v=b7fc0c6a:180:23)
    at Manager2 (http://localhost:5173/node_modules/.vite/deps/@atlaskit_dropdown-menu.js?v=b7fc0c6a:553:23)
    at PopupLegacy2 (http://localhost:5173/node_modules/.vite/deps/@atlaskit_dropdown-menu.js?v=b7fc0c6a:1551:20)
    at SelectionStore2 (http://localhost:5173/node_modules/.vite/deps/@atlaskit_dropdown-menu.js?v=b7fc0c6a:1820:24)
    at DropdownMenuLegacy (http://localhost:5173/node_modules/.vite/deps/@atlaskit_dropdown-menu.js?v=b7fc0c6a:2382:29)
    at DropdownMenu2 (http://localhost:5173/node_modules/.vite/deps/@atlaskit_dropdown-menu.js?v=b7fc0c6a:2573:32)
    at span
    at th
    at http://localhost:5173/node_modules/.vite/deps/@atlaskit_dynamic-table.js?v=b7fc0c6a:1750:20
    at TableHeadCell2 (http://localhost:5173/node_modules/.vite/deps/@atlaskit_dynamic-table.js?v=b7fc0c6a:1795:22)
    at tr
    at thead
    at Head2 (http://localhost:5173/node_modules/.vite/deps/@atlaskit_dynamic-table.js?v=b7fc0c6a:1702:24)
    at TableHead2 (http://localhost:5173/node_modules/.vite/deps/@atlaskit_dynamic-table.js?v=b7fc0c6a:1919:5)
    at table
    at http://localhost:5173/node_modules/.vite/deps/@atlaskit_dynamic-table.js?v=b7fc0c6a:274:26
    at div
    at http://localhost:5173/node_modules/.vite/deps/@atlaskit_dynamic-table.js?v=b7fc0c6a:547:24
    at LoadingContainerAdvanced2 (http://localhost:5173/node_modules/.vite/deps/@atlaskit_dynamic-table.js?v=b7fc0c6a:571:5)
    at DynamicTable2 (http://localhost:5173/node_modules/.vite/deps/@atlaskit_dynamic-table.js?v=b7fc0c6a:2002:22)
    at div
    at Grades (http://localhost:5173/src/screens/Grades.tsx?t=1788624539138:40:34)
    at main
    at App (http://localhost:5173/src/App.tsx?t=1788624539138:26:33) @ http://localhost:5173/node_modules/.vite/deps/chunk-YQ5BCTVV.js?v=b7fc0c6a:520
[    5103ms] [ERROR] Warning: Using UNSAFE_componentWillMount in strict mode is not recommended and may indicate bugs in your code. See https://reactjs.org/link/unsafe-component-lifecycles for details.

* Move code with side effects to componentDidMount, and set initial state in the constructor.

Please update the following components: %s TableHead2 @ http://localhost:5173/node_modules/.vite/deps/chunk-YQ5BCTVV.js?v=b7fc0c6a:520
[    5103ms] [ERROR] Warning: Using UNSAFE_componentWillReceiveProps in strict mode is not recommended and may indicate bugs in your code. See https://reactjs.org/link/unsafe-component-lifecycles for details.

* Move data fetching code or side effects to componentDidUpdate.
* If you're updating state whenever props change, refactor your code to use memoization techniques or move it to static getDerivedStateFromProps. Learn more at: https://reactjs.org/link/derived-state

Please update the following components: %s LoadingContainerAdvanced2, TableHead2 @ http://localhost:5173/node_modules/.vite/deps/chunk-YQ5BCTVV.js?v=b7fc0c6a:520
[   68633ms] [INFO] %cDownload the React DevTools for a better development experience: https://reactjs.org/link/react-devtools font-weight:bold @ http://localhost:5173/node_modules/.vite/deps/chunk-YQ5BCTVV.js?v=b7fc0c6a:21608
[   68736ms] [WARNING] {msg: An error has occurred checking the feature gate. Only the first occurrence of this error is logged., gateName: platform-dst-motion-uplift-button, error: Error: Client must be initialized before using this method
    at Client2.assertInitialized (http:/…} @ http://localhost:5173/node_modules/.vite/deps/chunk-WJIJ2XQF.js?v=b7fc0c6a:6360
[   69524ms] [ERROR] Warning: Using UNSAFE_componentWillMount in strict mode is not recommended and may indicate bugs in your code. See https://reactjs.org/link/unsafe-component-lifecycles for details.

* Move code with side effects to componentDidMount, and set initial state in the constructor.

Please update the following components: %s TableHead2 @ http://localhost:5173/node_modules/.vite/deps/chunk-YQ5BCTVV.js?v=b7fc0c6a:520
[   69525ms] [ERROR] Warning: Using UNSAFE_componentWillReceiveProps in strict mode is not recommended and may indicate bugs in your code. See https://reactjs.org/link/unsafe-component-lifecycles for details.

* Move data fetching code or side effects to componentDidUpdate.
* If you're updating state whenever props change, refactor your code to use memoization techniques or move it to static getDerivedStateFromProps. Learn more at: https://reactjs.org/link/derived-state

Please update the following components: %s LoadingContainerAdvanced2, TableHead2 @ http://localhost:5173/node_modules/.vite/deps/chunk-YQ5BCTVV.js?v=b7fc0c6a:520
[  480750ms] [INFO] %cDownload the React DevTools for a better development experience: https://reactjs.org/link/react-devtools font-weight:bold @ http://localhost:5173/node_modules/.vite/deps/chunk-YQ5BCTVV.js?v=b7fc0c6a:21608
[  480829ms] [WARNING] {msg: An error has occurred checking the feature gate. Only the first occurrence of this error is logged., gateName: platform-dst-motion-uplift-button, error: Error: Client must be initialized before using this method
    at Client2.assertInitialized (http:/…} @ http://localhost:5173/node_modules/.vite/deps/chunk-WJIJ2XQF.js?v=b7fc0c6a:6360
[  481511ms] [ERROR] Warning: Using UNSAFE_componentWillMount in strict mode is not recommended and may indicate bugs in your code. See https://reactjs.org/link/unsafe-component-lifecycles for details.

* Move code with side effects to componentDidMount, and set initial state in the constructor.

Please update the following components: %s TableHead2 @ http://localhost:5173/node_modules/.vite/deps/chunk-YQ5BCTVV.js?v=b7fc0c6a:520
[  481512ms] [ERROR] Warning: Using UNSAFE_componentWillReceiveProps in strict mode is not recommended and may indicate bugs in your code. See https://reactjs.org/link/unsafe-component-lifecycles for details.

* Move data fetching code or side effects to componentDidUpdate.
* If you're updating state whenever props change, refactor your code to use memoization techniques or move it to static getDerivedStateFromProps. Learn more at: https://reactjs.org/link/derived-state

Please update the following components: %s LoadingContainerAdvanced2, TableHead2 @ http://localhost:5173/node_modules/.vite/deps/chunk-YQ5BCTVV.js?v=b7fc0c6a:520
[ 1382465ms] ReferenceError: DropdownMenu is not defined
    at headCell (http://localhost:5173/src/screens/Grades.tsx?t=1788625956227:81:7)
    at http://localhost:5173/src/screens/Grades.tsx?t=1788625956227:219:62
    at Array.map (<anonymous>)
    at Grades (http://localhost:5173/src/screens/Grades.tsx?t=1788625956227:219:32)
    at renderWithHooks (http://localhost:5173/node_modules/.vite/deps/chunk-YQ5BCTVV.js?v=b7fc0c6a:11596:26)
    at updateFunctionComponent (http://localhost:5173/node_modules/.vite/deps/chunk-YQ5BCTVV.js?v=b7fc0c6a:14630:28)
    at beginWork (http://localhost:5173/node_modules/.vite/deps/chunk-YQ5BCTVV.js?v=b7fc0c6a:15972:22)
    at HTMLUnknownElement.callCallback2 (http://localhost:5173/node_modules/.vite/deps/chunk-YQ5BCTVV.js?v=b7fc0c6a:3680:22)
    at Object.invokeGuardedCallbackDev (http://localhost:5173/node_modules/.vite/deps/chunk-YQ5BCTVV.js?v=b7fc0c6a:3705:24)
    at invokeGuardedCallback (http://localhost:5173/node_modules/.vite/deps/chunk-YQ5BCTVV.js?v=b7fc0c6a:3739:39)
[ 1382465ms] ReferenceError: DropdownMenu is not defined
    at headCell (http://localhost:5173/src/screens/Grades.tsx?t=1788625956227:81:7)
    at http://localhost:5173/src/screens/Grades.tsx?t=1788625956227:219:62
    at Array.map (<anonymous>)
    at Grades (http://localhost:5173/src/screens/Grades.tsx?t=1788625956227:219:32)
    at renderWithHooks (http://localhost:5173/node_modules/.vite/deps/chunk-YQ5BCTVV.js?v=b7fc0c6a:11596:26)
    at updateFunctionComponent (http://localhost:5173/node_modules/.vite/deps/chunk-YQ5BCTVV.js?v=b7fc0c6a:14630:28)
    at beginWork (http://localhost:5173/node_modules/.vite/deps/chunk-YQ5BCTVV.js?v=b7fc0c6a:15972:22)
    at HTMLUnknownElement.callCallback2 (http://localhost:5173/node_modules/.vite/deps/chunk-YQ5BCTVV.js?v=b7fc0c6a:3680:22)
    at Object.invokeGuardedCallbackDev (http://localhost:5173/node_modules/.vite/deps/chunk-YQ5BCTVV.js?v=b7fc0c6a:3705:24)
    at invokeGuardedCallback (http://localhost:5173/node_modules/.vite/deps/chunk-YQ5BCTVV.js?v=b7fc0c6a:3739:39)
[ 1382452ms] [ERROR] The above error occurred in the <Grades> component:

    at Grades (http://localhost:5173/src/screens/Grades.tsx?t=1788625956227:35:34)
    at main
    at App (http://localhost:5173/src/App.tsx?t=1788624712030:26:33)

Consider adding an error boundary to your tree to customize error handling behavior.
Visit https://reactjs.org/link/error-boundaries to learn more about error boundaries. @ http://localhost:5173/node_modules/.vite/deps/chunk-YQ5BCTVV.js?v=b7fc0c6a:14079
[ 1382468ms] ReferenceError: DropdownMenu is not defined
    at headCell (http://localhost:5173/src/screens/Grades.tsx?t=1788625956227:81:7)
    at http://localhost:5173/src/screens/Grades.tsx?t=1788625956227:219:62
    at Array.map (<anonymous>)
    at Grades (http://localhost:5173/src/screens/Grades.tsx?t=1788625956227:219:32)
    at renderWithHooks (http://localhost:5173/node_modules/.vite/deps/chunk-YQ5BCTVV.js?v=b7fc0c6a:11596:26)
    at updateFunctionComponent (http://localhost:5173/node_modules/.vite/deps/chunk-YQ5BCTVV.js?v=b7fc0c6a:14630:28)
    at beginWork (http://localhost:5173/node_modules/.vite/deps/chunk-YQ5BCTVV.js?v=b7fc0c6a:15972:22)
    at beginWork$1 (http://localhost:5173/node_modules/.vite/deps/chunk-YQ5BCTVV.js?v=b7fc0c6a:19806:22)
    at performUnitOfWork (http://localhost:5173/node_modules/.vite/deps/chunk-YQ5BCTVV.js?v=b7fc0c6a:19251:20)
    at workLoopSync (http://localhost:5173/node_modules/.vite/deps/chunk-YQ5BCTVV.js?v=b7fc0c6a:19190:13)
[ 1391613ms] [INFO] %cDownload the React DevTools for a better development experience: https://reactjs.org/link/react-devtools font-weight:bold @ http://localhost:5173/node_modules/.vite/deps/chunk-YQ5BCTVV.js?v=d8e4e006:21608
[ 1391622ms] [WARNING] You are loading @emotion/react when it is already loaded. Running multiple instances may cause problems. This can happen if multiple versions are used, or if multiple builds of the same version are used. @ http://localhost:5173/node_modules/.vite/deps/chunk-SV42ZCUQ.js?v=d8e4e006:2223
[ 1393910ms] [INFO] %cDownload the React DevTools for a better development experience: https://reactjs.org/link/react-devtools font-weight:bold @ http://localhost:5173/node_modules/.vite/deps/chunk-YQ5BCTVV.js?v=d8e4e006:21608
[ 1394041ms] [WARNING] {msg: An error has occurred checking the feature gate. Only the first occurrence of this error is logged., gateName: platform-dst-motion-uplift-button, error: Error: Client must be initialized before using this method
    at Client2.assertInitialized (http:/…} @ http://localhost:5173/node_modules/.vite/deps/chunk-EGVW7KCE.js?v=d8e4e006:6360
[ 1440787ms] [INFO] %cDownload the React DevTools for a better development experience: https://reactjs.org/link/react-devtools font-weight:bold @ http://localhost:5173/node_modules/.vite/deps/chunk-YQ5BCTVV.js?v=d8e4e006:21608
[ 1440859ms] [WARNING] {msg: An error has occurred checking the feature gate. Only the first occurrence of this error is logged., gateName: platform-dst-motion-uplift-button, error: Error: Client must be initialized before using this method
    at Client2.assertInitialized (http:/…} @ http://localhost:5173/node_modules/.vite/deps/chunk-EGVW7KCE.js?v=d8e4e006:6360
[ 1441627ms] [ERROR] Warning: Using UNSAFE_componentWillMount in strict mode is not recommended and may indicate bugs in your code. See https://reactjs.org/link/unsafe-component-lifecycles for details.

* Move code with side effects to componentDidMount, and set initial state in the constructor.

Please update the following components: %s TableHead2 @ http://localhost:5173/node_modules/.vite/deps/chunk-YQ5BCTVV.js?v=d8e4e006:520
[ 1441628ms] [ERROR] Warning: Using UNSAFE_componentWillReceiveProps in strict mode is not recommended and may indicate bugs in your code. See https://reactjs.org/link/unsafe-component-lifecycles for details.

* Move data fetching code or side effects to componentDidUpdate.
* If you're updating state whenever props change, refactor your code to use memoization techniques or move it to static getDerivedStateFromProps. Learn more at: https://reactjs.org/link/derived-state

Please update the following components: %s LoadingContainerAdvanced2, TableHead2 @ http://localhost:5173/node_modules/.vite/deps/chunk-YQ5BCTVV.js?v=d8e4e006:520
[ 1649843ms] [INFO] %cDownload the React DevTools for a better development experience: https://reactjs.org/link/react-devtools font-weight:bold @ http://localhost:5173/node_modules/.vite/deps/chunk-YQ5BCTVV.js?v=d8e4e006:21608
[ 1649899ms] [WARNING] {msg: An error has occurred checking the feature gate. Only the first occurrence of this error is logged., gateName: platform-dst-motion-uplift-button, error: Error: Client must be initialized before using this method
    at Client2.assertInitialized (http:/…} @ http://localhost:5173/node_modules/.vite/deps/chunk-EGVW7KCE.js?v=d8e4e006:6360
[ 1651577ms] [ERROR] Warning: Using UNSAFE_componentWillMount in strict mode is not recommended and may indicate bugs in your code. See https://reactjs.org/link/unsafe-component-lifecycles for details.

* Move code with side effects to componentDidMount, and set initial state in the constructor.

Please update the following components: %s TableHead2 @ http://localhost:5173/node_modules/.vite/deps/chunk-YQ5BCTVV.js?v=d8e4e006:520
[ 1651578ms] [ERROR] Warning: Using UNSAFE_componentWillReceiveProps in strict mode is not recommended and may indicate bugs in your code. See https://reactjs.org/link/unsafe-component-lifecycles for details.

* Move data fetching code or side effects to componentDidUpdate.
* If you're updating state whenever props change, refactor your code to use memoization techniques or move it to static getDerivedStateFromProps. Learn more at: https://reactjs.org/link/derived-state

Please update the following components: %s LoadingContainerAdvanced2, TableHead2 @ http://localhost:5173/node_modules/.vite/deps/chunk-YQ5BCTVV.js?v=d8e4e006:520
[ 1723759ms] [INFO] %cDownload the React DevTools for a better development experience: https://reactjs.org/link/react-devtools font-weight:bold @ http://localhost:5173/node_modules/.vite/deps/chunk-YQ5BCTVV.js?v=d8e4e006:21608
[ 1723843ms] [WARNING] {msg: An error has occurred checking the feature gate. Only the first occurrence of this error is logged., gateName: platform-dst-motion-uplift-button, error: Error: Client must be initialized before using this method
    at Client2.assertInitialized (http:/…} @ http://localhost:5173/node_modules/.vite/deps/chunk-EGVW7KCE.js?v=d8e4e006:6360
[ 1724659ms] [ERROR] Warning: Using UNSAFE_componentWillMount in strict mode is not recommended and may indicate bugs in your code. See https://reactjs.org/link/unsafe-component-lifecycles for details.

* Move code with side effects to componentDidMount, and set initial state in the constructor.

Please update the following components: %s TableHead2 @ http://localhost:5173/node_modules/.vite/deps/chunk-YQ5BCTVV.js?v=d8e4e006:520
[ 1724660ms] [ERROR] Warning: Using UNSAFE_componentWillReceiveProps in strict mode is not recommended and may indicate bugs in your code. See https://reactjs.org/link/unsafe-component-lifecycles for details.

* Move data fetching code or side effects to componentDidUpdate.
* If you're updating state whenever props change, refactor your code to use memoization techniques or move it to static getDerivedStateFromProps. Learn more at: https://reactjs.org/link/derived-state

Please update the following components: %s LoadingContainerAdvanced2, TableHead2 @ http://localhost:5173/node_modules/.vite/deps/chunk-YQ5BCTVV.js?v=d8e4e006:520
[ 3220985ms] [INFO] %cDownload the React DevTools for a better development experience: https://reactjs.org/link/react-devtools font-weight:bold @ http://localhost:5173/node_modules/.vite/deps/chunk-YQ5BCTVV.js?v=d80a5cb8:21608
[ 3225105ms] [INFO] %cDownload the React DevTools for a better development experience: https://reactjs.org/link/react-devtools font-weight:bold @ http://localhost:5173/node_modules/.vite/deps/chunk-YQ5BCTVV.js?v=d80a5cb8:21608
[ 3225241ms] [WARNING] {msg: An error has occurred checking the feature gate. Only the first occurrence of this error is logged., gateName: platform-dst-motion-uplift-button, error: Error: Client must be initialized before using this method
    at Client2.assertInitialized (http:/…} @ http://localhost:5173/node_modules/.vite/deps/chunk-P5K7LBAJ.js?v=d80a5cb8:6360
[ 3346361ms] [INFO] %cDownload the React DevTools for a better development experience: https://reactjs.org/link/react-devtools font-weight:bold @ http://localhost:5173/node_modules/.vite/deps/chunk-YQ5BCTVV.js?v=d80a5cb8:21608
[ 3346442ms] [WARNING] {msg: An error has occurred checking the feature gate. Only the first occurrence of this error is logged., gateName: platform-dst-motion-uplift-button, error: Error: Client must be initialized before using this method
    at Client2.assertInitialized (http:/…} @ http://localhost:5173/node_modules/.vite/deps/chunk-P5K7LBAJ.js?v=d80a5cb8:6360
[ 3386482ms] [ERROR] Warning: %s: Support for defaultProps will be removed from function components in a future major release. Use JavaScript default parameters instead.%s LockToggle2 
    at LockToggle2 (http://localhost:5173/node_modules/.vite/deps/@atlaskit_drawer.js?v=d80a5cb8:585:20)
    at DrawerContent2 (http://localhost:5173/node_modules/.vite/deps/@atlaskit_drawer.js?v=d80a5cb8:1427:24)
    at LevelProvider2 (http://localhost:5173/node_modules/.vite/deps/chunk-UQHGGLXD.js?v=d80a5cb8:75:23)
    at Layering2 (http://localhost:5173/node_modules/.vite/deps/chunk-UQHGGLXD.js?v=d80a5cb8:91:24)
    at div
    at div
    at FocusLockUI (http://localhost:5173/node_modules/.vite/deps/chunk-NCQ4GIRX.js?v=d80a5cb8:933:46)
    at FocusLockUICombination
    at FocusLock2 (http://localhost:5173/node_modules/.vite/deps/@atlaskit_drawer.js?v=d80a5cb8:808:36)
    at EnteringMotion2 (http://localhost:5173/node_modules/.vite/deps/chunk-OGYCHW4Q.js?v=d80a5cb8:187:23)
    at SlideIn2 (http://localhost:5173/node_modules/.vite/deps/@atlaskit_drawer.js?v=d80a5cb8:784:23)
    at CustomSlideIn2 (http://localhost:5173/node_modules/.vite/deps/@atlaskit_drawer.js?v=d80a5cb8:842:23)
    at http://localhost:5173/node_modules/.vite/deps/chunk-GBE5PYKM.js?v=d80a5cb8:3425:26
    at DrawerPanel2 (http://localhost:5173/node_modules/.vite/deps/@atlaskit_drawer.js?v=d80a5cb8:853:24)
    at InternalPortal (http://localhost:5173/node_modules/.vite/deps/chunk-7IOPMC6F.js?v=d80a5cb8:1149:22)
    at Portal (http://localhost:5173/node_modules/.vite/deps/chunk-7IOPMC6F.js?v=d80a5cb8:1340:26)
    at DrawerBase2 (http://localhost:5173/node_modules/.vite/deps/@atlaskit_drawer.js?v=d80a5cb8:1275:27)
    at Drawer2
    at div
    at Schedule (http://localhost:5173/src/screens/Schedule.tsx?t=1788627773271:43:36)
    at main
    at App (http://localhost:5173/src/App.tsx?t=1788627778693:26:33) @ http://localhost:5173/node_modules/.vite/deps/chunk-YQ5BCTVV.js?v=d80a5cb8:520
[ 3626728ms] [ERROR] Warning: Using UNSAFE_componentWillMount in strict mode is not recommended and may indicate bugs in your code. See https://reactjs.org/link/unsafe-component-lifecycles for details.

* Move code with side effects to componentDidMount, and set initial state in the constructor.

Please update the following components: %s TableHead2 @ http://localhost:5173/node_modules/.vite/deps/chunk-YQ5BCTVV.js?v=d80a5cb8:520
[ 3626728ms] [ERROR] Warning: Using UNSAFE_componentWillReceiveProps in strict mode is not recommended and may indicate bugs in your code. See https://reactjs.org/link/unsafe-component-lifecycles for details.

* Move data fetching code or side effects to componentDidUpdate.
* If you're updating state whenever props change, refactor your code to use memoization techniques or move it to static getDerivedStateFromProps. Learn more at: https://reactjs.org/link/derived-state

Please update the following components: %s LoadingContainerAdvanced2, TableHead2 @ http://localhost:5173/node_modules/.vite/deps/chunk-YQ5BCTVV.js?v=d80a5cb8:520
[ 3641522ms] [INFO] %cDownload the React DevTools for a better development experience: https://reactjs.org/link/react-devtools font-weight:bold @ http://localhost:5173/node_modules/.vite/deps/chunk-YQ5BCTVV.js?v=d80a5cb8:21608
[ 3641644ms] [WARNING] {msg: An error has occurred checking the feature gate. Only the first occurrence of this error is logged., gateName: platform-dst-motion-uplift-button, error: Error: Client must be initialized before using this method
    at Client2.assertInitialized (http:/…} @ http://localhost:5173/node_modules/.vite/deps/chunk-P5K7LBAJ.js?v=d80a5cb8:6360
[ 3642555ms] [ERROR] Warning: %s: Support for defaultProps will be removed from function components in a future major release. Use JavaScript default parameters instead.%s LockToggle2 
    at LockToggle2 (http://localhost:5173/node_modules/.vite/deps/@atlaskit_drawer.js?v=d80a5cb8:585:20)
    at DrawerContent2 (http://localhost:5173/node_modules/.vite/deps/@atlaskit_drawer.js?v=d80a5cb8:1427:24)
    at LevelProvider2 (http://localhost:5173/node_modules/.vite/deps/chunk-UQHGGLXD.js?v=d80a5cb8:75:23)
    at Layering2 (http://localhost:5173/node_modules/.vite/deps/chunk-UQHGGLXD.js?v=d80a5cb8:91:24)
    at div
    at div
    at FocusLockUI (http://localhost:5173/node_modules/.vite/deps/chunk-NCQ4GIRX.js?v=d80a5cb8:933:46)
    at FocusLockUICombination
    at FocusLock2 (http://localhost:5173/node_modules/.vite/deps/@atlaskit_drawer.js?v=d80a5cb8:808:36)
    at EnteringMotion2 (http://localhost:5173/node_modules/.vite/deps/chunk-OGYCHW4Q.js?v=d80a5cb8:187:23)
    at SlideIn2 (http://localhost:5173/node_modules/.vite/deps/@atlaskit_drawer.js?v=d80a5cb8:784:23)
    at CustomSlideIn2 (http://localhost:5173/node_modules/.vite/deps/@atlaskit_drawer.js?v=d80a5cb8:842:23)
    at http://localhost:5173/node_modules/.vite/deps/chunk-GBE5PYKM.js?v=d80a5cb8:3425:26
    at DrawerPanel2 (http://localhost:5173/node_modules/.vite/deps/@atlaskit_drawer.js?v=d80a5cb8:853:24)
    at InternalPortal (http://localhost:5173/node_modules/.vite/deps/chunk-7IOPMC6F.js?v=d80a5cb8:1149:22)
    at Portal (http://localhost:5173/node_modules/.vite/deps/chunk-7IOPMC6F.js?v=d80a5cb8:1340:26)
    at DrawerBase2 (http://localhost:5173/node_modules/.vite/deps/@atlaskit_drawer.js?v=d80a5cb8:1275:27)
    at Drawer2
    at div
    at Schedule (http://localhost:5173/src/screens/Schedule.tsx?t=1788628140276:43:36)
    at main
    at App (http://localhost:5173/src/App.tsx?t=1788628140276:26:33) @ http://localhost:5173/node_modules/.vite/deps/chunk-YQ5BCTVV.js?v=d80a5cb8:520
[ 3691119ms] [INFO] %cDownload the React DevTools for a better development experience: https://reactjs.org/link/react-devtools font-weight:bold @ http://localhost:5173/node_modules/.vite/deps/chunk-YQ5BCTVV.js?v=d80a5cb8:21608
[ 3691216ms] [WARNING] {msg: An error has occurred checking the feature gate. Only the first occurrence of this error is logged., gateName: platform-dst-motion-uplift-button, error: Error: Client must be initialized before using this method
    at Client2.assertInitialized (http:/…} @ http://localhost:5173/node_modules/.vite/deps/chunk-P5K7LBAJ.js?v=d80a5cb8:6360
[ 3697061ms] [INFO] %cDownload the React DevTools for a better development experience: https://reactjs.org/link/react-devtools font-weight:bold @ http://localhost:5173/node_modules/.vite/deps/chunk-YQ5BCTVV.js?v=d80a5cb8:21608
[ 3697140ms] [WARNING] {msg: An error has occurred checking the feature gate. Only the first occurrence of this error is logged., gateName: platform-dst-motion-uplift-button, error: Error: Client must be initialized before using this method
    at Client2.assertInitialized (http:/…} @ http://localhost:5173/node_modules/.vite/deps/chunk-P5K7LBAJ.js?v=d80a5cb8:6360
[ 3698273ms] [ERROR] Warning: %s: Support for defaultProps will be removed from function components in a future major release. Use JavaScript default parameters instead.%s LockToggle2 
    at LockToggle2 (http://localhost:5173/node_modules/.vite/deps/@atlaskit_drawer.js?v=d80a5cb8:585:20)
    at DrawerContent2 (http://localhost:5173/node_modules/.vite/deps/@atlaskit_drawer.js?v=d80a5cb8:1427:24)
    at LevelProvider2 (http://localhost:5173/node_modules/.vite/deps/chunk-UQHGGLXD.js?v=d80a5cb8:75:23)
    at Layering2 (http://localhost:5173/node_modules/.vite/deps/chunk-UQHGGLXD.js?v=d80a5cb8:91:24)
    at div
    at div
    at FocusLockUI (http://localhost:5173/node_modules/.vite/deps/chunk-NCQ4GIRX.js?v=d80a5cb8:933:46)
    at FocusLockUICombination
    at FocusLock2 (http://localhost:5173/node_modules/.vite/deps/@atlaskit_drawer.js?v=d80a5cb8:808:36)
    at EnteringMotion2 (http://localhost:5173/node_modules/.vite/deps/chunk-OGYCHW4Q.js?v=d80a5cb8:187:23)
    at SlideIn2 (http://localhost:5173/node_modules/.vite/deps/@atlaskit_drawer.js?v=d80a5cb8:784:23)
    at CustomSlideIn2 (http://localhost:5173/node_modules/.vite/deps/@atlaskit_drawer.js?v=d80a5cb8:842:23)
    at http://localhost:5173/node_modules/.vite/deps/chunk-GBE5PYKM.js?v=d80a5cb8:3425:26
    at DrawerPanel2 (http://localhost:5173/node_modules/.vite/deps/@atlaskit_drawer.js?v=d80a5cb8:853:24)
    at InternalPortal (http://localhost:5173/node_modules/.vite/deps/chunk-7IOPMC6F.js?v=d80a5cb8:1149:22)
    at Portal (http://localhost:5173/node_modules/.vite/deps/chunk-7IOPMC6F.js?v=d80a5cb8:1340:26)
    at DrawerBase2 (http://localhost:5173/node_modules/.vite/deps/@atlaskit_drawer.js?v=d80a5cb8:1275:27)
    at Drawer2
    at div
    at Schedule (http://localhost:5173/src/screens/Schedule.tsx?t=1788628140276:43:36)
    at main
    at App (http://localhost:5173/src/App.tsx?t=1788628140276:26:33) @ http://localhost:5173/node_modules/.vite/deps/chunk-YQ5BCTVV.js?v=d80a5cb8:520
[ 3724637ms] [INFO] %cDownload the React DevTools for a better development experience: https://reactjs.org/link/react-devtools font-weight:bold @ http://localhost:5173/node_modules/.vite/deps/chunk-YQ5BCTVV.js?v=d80a5cb8:21608
[ 3724727ms] [WARNING] {msg: An error has occurred checking the feature gate. Only the first occurrence of this error is logged., gateName: platform-dst-motion-uplift-button, error: Error: Client must be initialized before using this method
    at Client2.assertInitialized (http:/…} @ http://localhost:5173/node_modules/.vite/deps/chunk-P5K7LBAJ.js?v=d80a5cb8:6360
[ 3801550ms] [INFO] %cDownload the React DevTools for a better development experience: https://reactjs.org/link/react-devtools font-weight:bold @ http://localhost:5173/node_modules/.vite/deps/chunk-YQ5BCTVV.js?v=d80a5cb8:21608
[ 3801609ms] [WARNING] {msg: An error has occurred checking the feature gate. Only the first occurrence of this error is logged., gateName: platform-dst-motion-uplift-button, error: Error: Client must be initialized before using this method
    at Client2.assertInitialized (http:/…} @ http://localhost:5173/node_modules/.vite/deps/chunk-P5K7LBAJ.js?v=d80a5cb8:6360
[ 3803071ms] [ERROR] Warning: %s: Support for defaultProps will be removed from function components in a future major release. Use JavaScript default parameters instead.%s LockToggle2 
    at LockToggle2 (http://localhost:5173/node_modules/.vite/deps/@atlaskit_drawer.js?v=d80a5cb8:585:20)
    at DrawerContent2 (http://localhost:5173/node_modules/.vite/deps/@atlaskit_drawer.js?v=d80a5cb8:1427:24)
    at LevelProvider2 (http://localhost:5173/node_modules/.vite/deps/chunk-UQHGGLXD.js?v=d80a5cb8:75:23)
    at Layering2 (http://localhost:5173/node_modules/.vite/deps/chunk-UQHGGLXD.js?v=d80a5cb8:91:24)
    at div
    at div
    at FocusLockUI (http://localhost:5173/node_modules/.vite/deps/chunk-NCQ4GIRX.js?v=d80a5cb8:933:46)
    at FocusLockUICombination
    at FocusLock2 (http://localhost:5173/node_modules/.vite/deps/@atlaskit_drawer.js?v=d80a5cb8:808:36)
    at EnteringMotion2 (http://localhost:5173/node_modules/.vite/deps/chunk-OGYCHW4Q.js?v=d80a5cb8:187:23)
    at SlideIn2 (http://localhost:5173/node_modules/.vite/deps/@atlaskit_drawer.js?v=d80a5cb8:784:23)
    at CustomSlideIn2 (http://localhost:5173/node_modules/.vite/deps/@atlaskit_drawer.js?v=d80a5cb8:842:23)
    at http://localhost:5173/node_modules/.vite/deps/chunk-GBE5PYKM.js?v=d80a5cb8:3425:26
    at DrawerPanel2 (http://localhost:5173/node_modules/.vite/deps/@atlaskit_drawer.js?v=d80a5cb8:853:24)
    at InternalPortal (http://localhost:5173/node_modules/.vite/deps/chunk-7IOPMC6F.js?v=d80a5cb8:1149:22)
    at Portal (http://localhost:5173/node_modules/.vite/deps/chunk-7IOPMC6F.js?v=d80a5cb8:1340:26)
    at DrawerBase2 (http://localhost:5173/node_modules/.vite/deps/@atlaskit_drawer.js?v=d80a5cb8:1275:27)
    at Drawer2
    at div
    at Schedule (http://localhost:5173/src/screens/Schedule.tsx?t=1788628283256:43:36)
    at main
    at App (http://localhost:5173/src/App.tsx?t=1788628283256:26:33) @ http://localhost:5173/node_modules/.vite/deps/chunk-YQ5BCTVV.js?v=d80a5cb8:520
[ 4744930ms] [INFO] %cDownload the React DevTools for a better development experience: https://reactjs.org/link/react-devtools font-weight:bold @ http://localhost:5173/node_modules/.vite/deps/chunk-YQ5BCTVV.js?v=d80a5cb8:21608
[ 4745012ms] [WARNING] {msg: An error has occurred checking the feature gate. Only the first occurrence of this error is logged., gateName: platform-dst-motion-uplift-button, error: Error: Client must be initialized before using this method
    at Client2.assertInitialized (http:/…} @ http://localhost:5173/node_modules/.vite/deps/chunk-P5K7LBAJ.js?v=d80a5cb8:6360
[ 4748200ms] [INFO] %cDownload the React DevTools for a better development experience: https://reactjs.org/link/react-devtools font-weight:bold @ http://localhost:5173/node_modules/.vite/deps/chunk-YQ5BCTVV.js?v=d80a5cb8:21608
[ 4748356ms] [WARNING] {msg: An error has occurred checking the feature gate. Only the first occurrence of this error is logged., gateName: analytics-next-use-legacy-context, error: Error: Client must be initialized before using this method
    at Client2.assertInitialized (http:/…} @ http://localhost:5173/node_modules/.vite/deps/chunk-P5K7LBAJ.js?v=d80a5cb8:6360
[ 6137556ms] [INFO] %cDownload the React DevTools for a better development experience: https://reactjs.org/link/react-devtools font-weight:bold @ http://localhost:5173/node_modules/.vite/deps/chunk-YQ5BCTVV.js?v=d80a5cb8:21608
[ 6137643ms] [WARNING] {msg: An error has occurred checking the feature gate. Only the first occurrence of this error is logged., gateName: platform-dst-motion-uplift-button, error: Error: Client must be initialized before using this method
    at Client2.assertInitialized (http:/…} @ http://localhost:5173/node_modules/.vite/deps/chunk-P5K7LBAJ.js?v=d80a5cb8:6360
[ 6139706ms] [INFO] %cDownload the React DevTools for a better development experience: https://reactjs.org/link/react-devtools font-weight:bold @ http://localhost:5173/node_modules/.vite/deps/chunk-YQ5BCTVV.js?v=d80a5cb8:21608
[ 6139791ms] [WARNING] {msg: An error has occurred checking the feature gate. Only the first occurrence of this error is logged., gateName: analytics-next-use-legacy-context, error: Error: Client must be initialized before using this method
    at Client2.assertInitialized (http:/…} @ http://localhost:5173/node_modules/.vite/deps/chunk-P5K7LBAJ.js?v=d80a5cb8:6360
[ 6589521ms] [INFO] %cDownload the React DevTools for a better development experience: https://reactjs.org/link/react-devtools font-weight:bold @ http://localhost:5173/node_modules/.vite/deps/chunk-YQ5BCTVV.js?v=d80a5cb8:21608
[ 6589668ms] [WARNING] {msg: An error has occurred checking the feature gate. Only the first occurrence of this error is logged., gateName: platform-dst-motion-uplift-button, error: Error: Client must be initialized before using this method
    at Client2.assertInitialized (http:/…} @ http://localhost:5173/node_modules/.vite/deps/chunk-P5K7LBAJ.js?v=d80a5cb8:6360
[ 6591440ms] [INFO] %cDownload the React DevTools for a better development experience: https://reactjs.org/link/react-devtools font-weight:bold @ http://localhost:5173/node_modules/.vite/deps/chunk-YQ5BCTVV.js?v=d80a5cb8:21608
[ 6591505ms] [WARNING] {msg: An error has occurred checking the feature gate. Only the first occurrence of this error is logged., gateName: analytics-next-use-legacy-context, error: Error: Client must be initialized before using this method
    at Client2.assertInitialized (http:/…} @ http://localhost:5173/node_modules/.vite/deps/chunk-P5K7LBAJ.js?v=d80a5cb8:6360
[ 6629695ms] [LOG] [vite] server connection lost. Polling for restart... @ http://localhost:5173/@vite/client:963
[ 6632031ms] [ERROR] WebSocket connection to 'ws://localhost:5173/' failed: Error in connection establishment: net::ERR_CONNECTION_REFUSED @ http://localhost:5173/@vite/client:1034
[ 6635378ms] [ERROR] WebSocket connection to 'ws://localhost:5173/' failed: Error in connection establishment: net::ERR_CONNECTION_REFUSED @ http://localhost:5173/@vite/client:1034
[ 6648133ms] [INFO] %cDownload the React DevTools for a better development experience: https://reactjs.org/link/react-devtools font-weight:bold @ http://localhost:5173/node_modules/.vite/deps/chunk-YQ5BCTVV.js?v=d80a5cb8:21608
[ 6648297ms] [WARNING] {msg: An error has occurred checking the feature gate. Only the first occurrence of this error is logged., gateName: platform-dst-motion-uplift-button, error: Error: Client must be initialized before using this method
    at Client2.assertInitialized (http:/…} @ http://localhost:5173/node_modules/.vite/deps/chunk-P5K7LBAJ.js?v=d80a5cb8:6360
[ 6707672ms] [LOG] [vite] server connection lost. Polling for restart... @ http://localhost:5173/@vite/client:963
[ 6710018ms] [ERROR] WebSocket connection to 'ws://localhost:5173/' failed: Error in connection establishment: net::ERR_CONNECTION_REFUSED @ http://localhost:5173/@vite/client:1034
[ 6713373ms] [ERROR] WebSocket connection to 'ws://localhost:5173/' failed: Error in connection establishment: net::ERR_CONNECTION_REFUSED @ http://localhost:5173/@vite/client:1034
[ 6719162ms] [INFO] %cDownload the React DevTools for a better development experience: https://reactjs.org/link/react-devtools font-weight:bold @ http://localhost:5173/node_modules/.vite/deps/chunk-YQ5BCTVV.js?v=d80a5cb8:21608
[ 6719244ms] [WARNING] {msg: An error has occurred checking the feature gate. Only the first occurrence of this error is logged., gateName: platform-dst-motion-uplift-button, error: Error: Client must be initialized before using this method
    at Client2.assertInitialized (http:/…} @ http://localhost:5173/node_modules/.vite/deps/chunk-P5K7LBAJ.js?v=d80a5cb8:6360
[ 6998830ms] [INFO] %cDownload the React DevTools for a better development experience: https://reactjs.org/link/react-devtools font-weight:bold @ http://localhost:5173/node_modules/.vite/deps/chunk-YQ5BCTVV.js?v=d80a5cb8:21608
[ 6998922ms] [WARNING] {msg: An error has occurred checking the feature gate. Only the first occurrence of this error is logged., gateName: platform-dst-motion-uplift-button, error: Error: Client must be initialized before using this method
    at Client2.assertInitialized (http:/…} @ http://localhost:5173/node_modules/.vite/deps/chunk-P5K7LBAJ.js?v=d80a5cb8:6360
[ 7000663ms] [INFO] %cDownload the React DevTools for a better development experience: https://reactjs.org/link/react-devtools font-weight:bold @ http://localhost:5173/node_modules/.vite/deps/chunk-YQ5BCTVV.js?v=d80a5cb8:21608
[ 7000733ms] [WARNING] {msg: An error has occurred checking the feature gate. Only the first occurrence of this error is logged., gateName: analytics-next-use-legacy-context, error: Error: Client must be initialized before using this method
    at Client2.assertInitialized (http:/…} @ http://localhost:5173/node_modules/.vite/deps/chunk-P5K7LBAJ.js?v=d80a5cb8:6360
[ 7503333ms] [INFO] %cDownload the React DevTools for a better development experience: https://reactjs.org/link/react-devtools font-weight:bold @ http://localhost:5173/node_modules/.vite/deps/chunk-YQ5BCTVV.js?v=d80a5cb8:21608
[ 7503412ms] [WARNING] {msg: An error has occurred checking the feature gate. Only the first occurrence of this error is logged., gateName: platform-dst-motion-uplift-button, error: Error: Client must be initialized before using this method
    at Client2.assertInitialized (http:/…} @ http://localhost:5173/node_modules/.vite/deps/chunk-P5K7LBAJ.js?v=d80a5cb8:6360
[ 7505577ms] [INFO] %cDownload the React DevTools for a better development experience: https://reactjs.org/link/react-devtools font-weight:bold @ http://localhost:5173/node_modules/.vite/deps/chunk-YQ5BCTVV.js?v=d80a5cb8:21608
[ 7505663ms] [WARNING] {msg: An error has occurred checking the feature gate. Only the first occurrence of this error is logged., gateName: analytics-next-use-legacy-context, error: Error: Client must be initialized before using this method
    at Client2.assertInitialized (http:/…} @ http://localhost:5173/node_modules/.vite/deps/chunk-P5K7LBAJ.js?v=d80a5cb8:6360
[ 7554031ms] [LOG] [vite] server connection lost. Polling for restart... @ http://localhost:5173/@vite/client:963
[ 7554052ms] [ERROR] WebSocket connection to 'ws://localhost:5173/' failed: Error in connection establishment: net::ERR_SOCKET_NOT_CONNECTED @ http://localhost:5173/@vite/client:1034
[ 7557397ms] [ERROR] WebSocket connection to 'ws://localhost:5173/' failed: Error in connection establishment: net::ERR_CONNECTION_REFUSED @ http://localhost:5173/@vite/client:1034
[ 7565421ms] [INFO] %cDownload the React DevTools for a better development experience: https://reactjs.org/link/react-devtools font-weight:bold @ http://localhost:5173/node_modules/.vite/deps/chunk-YQ5BCTVV.js?v=d80a5cb8:21608
[ 7565507ms] [WARNING] {msg: An error has occurred checking the feature gate. Only the first occurrence of this error is logged., gateName: platform-dst-motion-uplift-button, error: Error: Client must be initialized before using this method
    at Client2.assertInitialized (http:/…} @ http://localhost:5173/node_modules/.vite/deps/chunk-P5K7LBAJ.js?v=d80a5cb8:6360
[ 7623741ms] [LOG] [vite] server connection lost. Polling for restart... @ http://localhost:5173/@vite/client:963
[ 7626075ms] [ERROR] WebSocket connection to 'ws://localhost:5173/' failed: Error in connection establishment: net::ERR_CONNECTION_REFUSED @ http://localhost:5173/@vite/client:1034
[ 7629419ms] [ERROR] WebSocket connection to 'ws://localhost:5173/' failed: Error in connection establishment: net::ERR_CONNECTION_REFUSED @ http://localhost:5173/@vite/client:1034
[ 7635337ms] [INFO] %cDownload the React DevTools for a better development experience: https://reactjs.org/link/react-devtools font-weight:bold @ http://localhost:5173/node_modules/.vite/deps/chunk-YQ5BCTVV.js?v=d80a5cb8:21608
[ 7635428ms] [WARNING] {msg: An error has occurred checking the feature gate. Only the first occurrence of this error is logged., gateName: platform-dst-motion-uplift-button, error: Error: Client must be initialized before using this method
    at Client2.assertInitialized (http:/…} @ http://localhost:5173/node_modules/.vite/deps/chunk-P5K7LBAJ.js?v=d80a5cb8:6360
[ 8182017ms] [INFO] %cDownload the React DevTools for a better development experience: https://reactjs.org/link/react-devtools font-weight:bold @ http://localhost:5173/node_modules/.vite/deps/chunk-YQ5BCTVV.js?v=d80a5cb8:21608
[ 8182154ms] [WARNING] {msg: An error has occurred checking the feature gate. Only the first occurrence of this error is logged., gateName: platform-dst-motion-uplift-button, error: Error: Client must be initialized before using this method
    at Client2.assertInitialized (http:/…} @ http://localhost:5173/node_modules/.vite/deps/chunk-P5K7LBAJ.js?v=d80a5cb8:6360
[ 8185624ms] [INFO] %cDownload the React DevTools for a better development experience: https://reactjs.org/link/react-devtools font-weight:bold @ http://localhost:5173/node_modules/.vite/deps/chunk-YQ5BCTVV.js?v=d80a5cb8:21608
[ 8185701ms] [WARNING] {msg: An error has occurred checking the feature gate. Only the first occurrence of this error is logged., gateName: analytics-next-use-legacy-context, error: Error: Client must be initialized before using this method
    at Client2.assertInitialized (http:/…} @ http://localhost:5173/node_modules/.vite/deps/chunk-P5K7LBAJ.js?v=d80a5cb8:6360
[ 8204067ms] [LOG] [vite] server connection lost. Polling for restart... @ http://localhost:5173/@vite/client:963
[ 8206431ms] [ERROR] WebSocket connection to 'ws://localhost:5173/' failed: Error in connection establishment: net::ERR_CONNECTION_REFUSED @ http://localhost:5173/@vite/client:1034
[ 8209776ms] [ERROR] WebSocket connection to 'ws://localhost:5173/' failed: Error in connection establishment: net::ERR_CONNECTION_REFUSED @ http://localhost:5173/@vite/client:1034
[ 8218104ms] [INFO] %cDownload the React DevTools for a better development experience: https://reactjs.org/link/react-devtools font-weight:bold @ http://localhost:5173/node_modules/.vite/deps/chunk-YQ5BCTVV.js?v=d80a5cb8:21608
[ 8218213ms] [WARNING] {msg: An error has occurred checking the feature gate. Only the first occurrence of this error is logged., gateName: platform-dst-motion-uplift-button, error: Error: Client must be initialized before using this method
    at Client2.assertInitialized (http:/…} @ http://localhost:5173/node_modules/.vite/deps/chunk-P5K7LBAJ.js?v=d80a5cb8:6360
[ 8220968ms] [ERROR] Failed to load resource: net::ERR_CONNECTION_REFUSED @ http://localhost:8002/schedule?group=%D0%9B%D0%A4%D0%A2-25:0
[ 8292850ms] [LOG] [vite] server connection lost. Polling for restart... @ http://localhost:5173/@vite/client:963
[ 8295200ms] [ERROR] WebSocket connection to 'ws://localhost:5173/' failed: Error in connection establishment: net::ERR_CONNECTION_REFUSED @ http://localhost:5173/@vite/client:1034
[ 8298557ms] [ERROR] WebSocket connection to 'ws://localhost:5173/' failed: Error in connection establishment: net::ERR_CONNECTION_REFUSED @ http://localhost:5173/@vite/client:1034
[ 8307080ms] [INFO] %cDownload the React DevTools for a better development experience: https://reactjs.org/link/react-devtools font-weight:bold @ http://localhost:5173/node_modules/.vite/deps/chunk-YQ5BCTVV.js?v=d80a5cb8:21608
[ 8307165ms] [WARNING] {msg: An error has occurred checking the feature gate. Only the first occurrence of this error is logged., gateName: platform-dst-motion-uplift-button, error: Error: Client must be initialized before using this method
    at Client2.assertInitialized (http:/…} @ http://localhost:5173/node_modules/.vite/deps/chunk-P5K7LBAJ.js?v=d80a5cb8:6360
[ 8824133ms] [INFO] %cDownload the React DevTools for a better development experience: https://reactjs.org/link/react-devtools font-weight:bold @ http://localhost:5173/node_modules/.vite/deps/chunk-YQ5BCTVV.js?v=d80a5cb8:21608
[ 8824213ms] [WARNING] {msg: An error has occurred checking the feature gate. Only the first occurrence of this error is logged., gateName: platform-dst-motion-uplift-button, error: Error: Client must be initialized before using this method
    at Client2.assertInitialized (http:/…} @ http://localhost:5173/node_modules/.vite/deps/chunk-P5K7LBAJ.js?v=d80a5cb8:6360
[ 8825987ms] [INFO] %cDownload the React DevTools for a better development experience: https://reactjs.org/link/react-devtools font-weight:bold @ http://localhost:5173/node_modules/.vite/deps/chunk-YQ5BCTVV.js?v=d80a5cb8:21608
[ 8826055ms] [WARNING] {msg: An error has occurred checking the feature gate. Only the first occurrence of this error is logged., gateName: analytics-next-use-legacy-context, error: Error: Client must be initialized before using this method
    at Client2.assertInitialized (http:/…} @ http://localhost:5173/node_modules/.vite/deps/chunk-P5K7LBAJ.js?v=d80a5cb8:6360
[ 9411611ms] [INFO] %cDownload the React DevTools for a better development experience: https://reactjs.org/link/react-devtools font-weight:bold @ http://localhost:5173/node_modules/.vite/deps/chunk-YQ5BCTVV.js?v=d80a5cb8:21608
[ 9411699ms] [WARNING] {msg: An error has occurred checking the feature gate. Only the first occurrence of this error is logged., gateName: platform-dst-motion-uplift-button, error: Error: Client must be initialized before using this method
    at Client2.assertInitialized (http:/…} @ http://localhost:5173/node_modules/.vite/deps/chunk-P5K7LBAJ.js?v=d80a5cb8:6360
[ 9516151ms] [ERROR] Failed to load resource: the server responded with a status of 500 (Internal Server Error) @ http://localhost:5173/src/screens/Schedule.tsx?t=1788634089401:0
[ 9516156ms] [ERROR] [vite] Failed to reload /src/screens/Schedule.tsx. This could be due to syntax errors or importing non-existent modules. (see errors above) @ http://localhost:5173/@vite/client:881
[ 9516562ms] [ERROR] Failed to load resource: the server responded with a status of 500 (Internal Server Error) @ http://localhost:5173/src/screens/Schedule.tsx?t=1788634089547:0
[ 9516564ms] [ERROR] [vite] Failed to reload /src/screens/Schedule.tsx. This could be due to syntax errors or importing non-existent modules. (see errors above) @ http://localhost:5173/@vite/client:881
[ 9575434ms] [INFO] %cDownload the React DevTools for a better development experience: https://reactjs.org/link/react-devtools font-weight:bold @ http://localhost:5173/node_modules/.vite/deps/chunk-YQ5BCTVV.js?v=d80a5cb8:21608
[ 9575516ms] [WARNING] {msg: An error has occurred checking the feature gate. Only the first occurrence of this error is logged., gateName: platform-dst-motion-uplift-button, error: Error: Client must be initialized before using this method
    at Client2.assertInitialized (http:/…} @ http://localhost:5173/node_modules/.vite/deps/chunk-P5K7LBAJ.js?v=d80a5cb8:6360
[ 9601054ms] [LOG] [vite] server connection lost. Polling for restart... @ http://localhost:5173/@vite/client:963
[ 9603430ms] [ERROR] WebSocket connection to 'ws://localhost:5173/' failed: Error in connection establishment: net::ERR_CONNECTION_REFUSED @ http://localhost:5173/@vite/client:1034
[ 9606798ms] [ERROR] WebSocket connection to 'ws://localhost:5173/' failed: Error in connection establishment: net::ERR_CONNECTION_REFUSED @ http://localhost:5173/@vite/client:1034
[ 9611998ms] [INFO] %cDownload the React DevTools for a better development experience: https://reactjs.org/link/react-devtools font-weight:bold @ http://localhost:5173/node_modules/.vite/deps/chunk-YQ5BCTVV.js?v=d80a5cb8:21608
[ 9612071ms] [WARNING] {msg: An error has occurred checking the feature gate. Only the first occurrence of this error is logged., gateName: platform-dst-motion-uplift-button, error: Error: Client must be initialized before using this method
    at Client2.assertInitialized (http:/…} @ http://localhost:5173/node_modules/.vite/deps/chunk-P5K7LBAJ.js?v=d80a5cb8:6360
[ 9666696ms] [LOG] [vite] server connection lost. Polling for restart... @ http://localhost:5173/@vite/client:963
[ 9669040ms] [ERROR] WebSocket connection to 'ws://localhost:5173/' failed: Error in connection establishment: net::ERR_CONNECTION_REFUSED @ http://localhost:5173/@vite/client:1034
[ 9672377ms] [ERROR] WebSocket connection to 'ws://localhost:5173/' failed: Error in connection establishment: net::ERR_CONNECTION_REFUSED @ http://localhost:5173/@vite/client:1034
[ 9679701ms] [INFO] %cDownload the React DevTools for a better development experience: https://reactjs.org/link/react-devtools font-weight:bold @ http://localhost:5173/node_modules/.vite/deps/chunk-YQ5BCTVV.js?v=d80a5cb8:21608
[ 9679794ms] [WARNING] {msg: An error has occurred checking the feature gate. Only the first occurrence of this error is logged., gateName: platform-dst-motion-uplift-button, error: Error: Client must be initialized before using this method
    at Client2.assertInitialized (http:/…} @ http://localhost:5173/node_modules/.vite/deps/chunk-P5K7LBAJ.js?v=d80a5cb8:6360
[ 9975951ms] [INFO] %cDownload the React DevTools for a better development experience: https://reactjs.org/link/react-devtools font-weight:bold @ http://localhost:5173/node_modules/.vite/deps/chunk-YQ5BCTVV.js?v=a7c88b6e:21608
[ 9975985ms] [WARNING] You are loading @emotion/react when it is already loaded. Running multiple instances may cause problems. This can happen if multiple versions are used, or if multiple builds of the same version are used. @ http://localhost:5173/node_modules/.vite/deps/chunk-SJQKUNQF.js?v=a7c88b6e:2059
[ 9983660ms] [INFO] %cDownload the React DevTools for a better development experience: https://reactjs.org/link/react-devtools font-weight:bold @ http://localhost:5173/node_modules/.vite/deps/chunk-YQ5BCTVV.js?v=a7c88b6e:21608
[ 9983797ms] [WARNING] {msg: An error has occurred checking the feature gate. Only the first occurrence of this error is logged., gateName: platform-dst-motion-uplift-button, error: Error: Client must be initialized before using this method
    at Client2.assertInitialized (http:/…} @ http://localhost:5173/node_modules/.vite/deps/chunk-JIZNRWPN.js?v=a7c88b6e:6360
[10013061ms] [INFO] %cDownload the React DevTools for a better development experience: https://reactjs.org/link/react-devtools font-weight:bold @ http://localhost:5173/node_modules/.vite/deps/chunk-YQ5BCTVV.js?v=a7c88b6e:21608
[10013124ms] [WARNING] {msg: An error has occurred checking the feature gate. Only the first occurrence of this error is logged., gateName: platform-dst-motion-uplift-button, error: Error: Client must be initialized before using this method
    at Client2.assertInitialized (http:/…} @ http://localhost:5173/node_modules/.vite/deps/chunk-JIZNRWPN.js?v=a7c88b6e:6360
[10095235ms] [LOG] [vite] server connection lost. Polling for restart... @ http://localhost:5173/@vite/client:963
[10097586ms] [ERROR] WebSocket connection to 'ws://localhost:5173/' failed: Error in connection establishment: net::ERR_CONNECTION_REFUSED @ http://localhost:5173/@vite/client:1034
[10100962ms] [ERROR] WebSocket connection to 'ws://localhost:5173/' failed: Error in connection establishment: net::ERR_CONNECTION_REFUSED @ http://localhost:5173/@vite/client:1034
[10107616ms] [INFO] %cDownload the React DevTools for a better development experience: https://reactjs.org/link/react-devtools font-weight:bold @ http://localhost:5173/node_modules/.vite/deps/chunk-YQ5BCTVV.js?v=a7c88b6e:21608
[10107704ms] [WARNING] {msg: An error has occurred checking the feature gate. Only the first occurrence of this error is logged., gateName: platform-dst-motion-uplift-button, error: Error: Client must be initialized before using this method
    at Client2.assertInitialized (http:/…} @ http://localhost:5173/node_modules/.vite/deps/chunk-JIZNRWPN.js?v=a7c88b6e:6360
[10171830ms] [INFO] %cDownload the React DevTools for a better development experience: https://reactjs.org/link/react-devtools font-weight:bold @ http://localhost:5173/node_modules/.vite/deps/chunk-YQ5BCTVV.js?v=a7c88b6e:21608
[10171928ms] [WARNING] {msg: An error has occurred checking the feature gate. Only the first occurrence of this error is logged., gateName: platform-dst-motion-uplift-button, error: Error: Client must be initialized before using this method
    at Client2.assertInitialized (http:/…} @ http://localhost:5173/node_modules/.vite/deps/chunk-JIZNRWPN.js?v=a7c88b6e:6360
[10174546ms] [INFO] %cDownload the React DevTools for a better development experience: https://reactjs.org/link/react-devtools font-weight:bold @ http://localhost:5173/node_modules/.vite/deps/chunk-YQ5BCTVV.js?v=a7c88b6e:21608
[10174635ms] [WARNING] {msg: An error has occurred checking the feature gate. Only the first occurrence of this error is logged., gateName: analytics-next-use-legacy-context, error: Error: Client must be initialized before using this method
    at Client2.assertInitialized (http:/…} @ http://localhost:5173/node_modules/.vite/deps/chunk-JIZNRWPN.js?v=a7c88b6e:6360
[10204597ms] [INFO] %cDownload the React DevTools for a better development experience: https://reactjs.org/link/react-devtools font-weight:bold @ http://localhost:5173/node_modules/.vite/deps/chunk-YQ5BCTVV.js?v=a7c88b6e:21608
[10204692ms] [WARNING] {msg: An error has occurred checking the feature gate. Only the first occurrence of this error is logged., gateName: platform-dst-motion-uplift-button, error: Error: Client must be initialized before using this method
    at Client2.assertInitialized (http:/…} @ http://localhost:5173/node_modules/.vite/deps/chunk-JIZNRWPN.js?v=a7c88b6e:6360
[10207131ms] [INFO] %cDownload the React DevTools for a better development experience: https://reactjs.org/link/react-devtools font-weight:bold @ http://localhost:5173/node_modules/.vite/deps/chunk-YQ5BCTVV.js?v=a7c88b6e:21608
[10207212ms] [WARNING] {msg: An error has occurred checking the feature gate. Only the first occurrence of this error is logged., gateName: analytics-next-use-legacy-context, error: Error: Client must be initialized before using this method
    at Client2.assertInitialized (http:/…} @ http://localhost:5173/node_modules/.vite/deps/chunk-JIZNRWPN.js?v=a7c88b6e:6360
[10331994ms] [LOG] [vite] server connection lost. Polling for restart... @ http://localhost:5173/@vite/client:963
[10334340ms] [ERROR] WebSocket connection to 'ws://localhost:5173/' failed: Error in connection establishment: net::ERR_CONNECTION_REFUSED @ http://localhost:5173/@vite/client:1034
[10337705ms] [ERROR] WebSocket connection to 'ws://localhost:5173/' failed: Error in connection establishment: net::ERR_CONNECTION_REFUSED @ http://localhost:5173/@vite/client:1034
[10341057ms] [ERROR] WebSocket connection to 'ws://localhost:5173/' failed: Error in connection establishment: net::ERR_CONNECTION_REFUSED @ http://localhost:5173/@vite/client:1034
[10350300ms] [INFO] %cDownload the React DevTools for a better development experience: https://reactjs.org/link/react-devtools font-weight:bold @ http://localhost:5173/node_modules/.vite/deps/chunk-YQ5BCTVV.js?v=a7c88b6e:21608
[10350401ms] [WARNING] {msg: An error has occurred checking the feature gate. Only the first occurrence of this error is logged., gateName: platform-dst-motion-uplift-button, error: Error: Client must be initialized before using this method
    at Client2.assertInitialized (http:/…} @ http://localhost:5173/node_modules/.vite/deps/chunk-JIZNRWPN.js?v=a7c88b6e:6360
[10426179ms] [ERROR] Warning: %s: Support for defaultProps will be removed from function components in a future major release. Use JavaScript default parameters instead.%s LockToggle2 
    at LockToggle2 (http://localhost:5173/node_modules/.vite/deps/@atlaskit_drawer.js?v=a7c88b6e:586:20)
    at DrawerContent2 (http://localhost:5173/node_modules/.vite/deps/@atlaskit_drawer.js?v=a7c88b6e:1428:24)
    at LevelProvider2 (http://localhost:5173/node_modules/.vite/deps/chunk-PML3K7E6.js?v=a7c88b6e:99:23)
    at Layering2 (http://localhost:5173/node_modules/.vite/deps/chunk-PML3K7E6.js?v=a7c88b6e:115:24)
    at div
    at div
    at FocusLockUI (http://localhost:5173/node_modules/.vite/deps/chunk-ZMDV676L.js?v=a7c88b6e:933:46)
    at FocusLockUICombination
    at FocusLock2 (http://localhost:5173/node_modules/.vite/deps/@atlaskit_drawer.js?v=a7c88b6e:809:36)
    at EnteringMotion2 (http://localhost:5173/node_modules/.vite/deps/chunk-IFIYPTUW.js?v=a7c88b6e:189:23)
    at SlideIn2 (http://localhost:5173/node_modules/.vite/deps/@atlaskit_drawer.js?v=a7c88b6e:785:23)
    at CustomSlideIn2 (http://localhost:5173/node_modules/.vite/deps/@atlaskit_drawer.js?v=a7c88b6e:843:23)
    at http://localhost:5173/node_modules/.vite/deps/chunk-YP2EYYIO.js?v=a7c88b6e:3425:26
    at DrawerPanel2 (http://localhost:5173/node_modules/.vite/deps/@atlaskit_drawer.js?v=a7c88b6e:854:24)
    at InternalPortal (http://localhost:5173/node_modules/.vite/deps/chunk-NAIAFMUN.js?v=a7c88b6e:1175:22)
    at Portal (http://localhost:5173/node_modules/.vite/deps/chunk-NAIAFMUN.js?v=a7c88b6e:1366:26)
    at DrawerBase2 (http://localhost:5173/node_modules/.vite/deps/@atlaskit_drawer.js?v=a7c88b6e:1276:27)
    at Drawer2
    at div
    at Schedule (http://localhost:5173/src/screens/Schedule.tsx:53:36)
    at main
    at App (http://localhost:5173/src/App.tsx:26:33) @ http://localhost:5173/node_modules/.vite/deps/chunk-YQ5BCTVV.js?v=a7c88b6e:520
